Product: MDK-ARM Standard 5.10
Component: ARM Compiler 5.04 update 1 (build 49)
Tool: armlink [5040049]

==============================================================================

Section Cross References

    system_stm32f4xx.o(i.SystemCoreClockUpdate) refers to system_stm32f4xx.o(.data) for SystemCoreClock
    system_stm32f4xx.o(i.SystemInit) refers to system_stm32f4xx.o(i._Z11SetSysClockv) for SetSysClock()
    system_stm32f4xx.o(.ARM.exidx) refers to system_stm32f4xx.o(i._Z11SetSysClockv) for i._Z11SetSysClockv
    system_stm32f4xx.o(.ARM.exidx) refers to system_stm32f4xx.o(i.SystemInit) for i.SystemInit
    system_stm32f4xx.o(.ARM.exidx) refers to system_stm32f4xx.o(i.SystemCoreClockUpdate) for i.SystemCoreClockUpdate
    startup_stm32f40_41xxx.o(RESET) refers to startup_stm32f40_41xxx.o(STACK) for __initial_sp
    startup_stm32f40_41xxx.o(RESET) refers to startup_stm32f40_41xxx.o(.text) for Reset_Handler
    startup_stm32f40_41xxx.o(RESET) refers to stm32f4xx_it.o(i.NMI_Handler) for NMI_Handler
    startup_stm32f40_41xxx.o(RESET) refers to stm32f4xx_it.o(i.HardFault_Handler) for HardFault_Handler
    startup_stm32f40_41xxx.o(RESET) refers to stm32f4xx_it.o(i.MemManage_Handler) for MemManage_Handler
    startup_stm32f40_41xxx.o(RESET) refers to stm32f4xx_it.o(i.BusFault_Handler) for BusFault_Handler
    startup_stm32f40_41xxx.o(RESET) refers to stm32f4xx_it.o(i.UsageFault_Handler) for UsageFault_Handler
    startup_stm32f40_41xxx.o(RESET) refers to stm32f4xx_it.o(i.SVC_Handler) for SVC_Handler
    startup_stm32f40_41xxx.o(RESET) refers to stm32f4xx_it.o(i.DebugMon_Handler) for DebugMon_Handler
    startup_stm32f40_41xxx.o(RESET) refers to stm32f4xx_it.o(i.PendSV_Handler) for PendSV_Handler
    startup_stm32f40_41xxx.o(RESET) refers to stm32f4xx_it.o(i.SysTick_Handler) for SysTick_Handler
    startup_stm32f40_41xxx.o(RESET) refers to key.o(i.EXTI9_5_IRQHandler) for EXTI9_5_IRQHandler
    startup_stm32f40_41xxx.o(RESET) refers to tim.o(i.TIM2_IRQHandler) for TIM2_IRQHandler
    startup_stm32f40_41xxx.o(RESET) refers to tim.o(i.TIM4_IRQHandler) for TIM4_IRQHandler
    startup_stm32f40_41xxx.o(RESET) refers to usart.o(i.USART1_IRQHandler) for USART1_IRQHandler
    startup_stm32f40_41xxx.o(RESET) refers to motorencoder.o(i.EXTI15_10_IRQHandler) for EXTI15_10_IRQHandler
    startup_stm32f40_41xxx.o(RESET) refers to usart.o(i.USART6_IRQHandler) for USART6_IRQHandler
    startup_stm32f40_41xxx.o(.text) refers to system_stm32f4xx.o(i.SystemInit) for SystemInit
    startup_stm32f40_41xxx.o(.text) refers to entry.o(.ARM.Collect$$$$00000000) for __main
    stm32f4xx_it.o(.ARM.exidx) refers to stm32f4xx_it.o(i.NMI_Handler) for i.NMI_Handler
    stm32f4xx_it.o(.ARM.exidx) refers to stm32f4xx_it.o(i.HardFault_Handler) for i.HardFault_Handler
    stm32f4xx_it.o(.ARM.exidx) refers to stm32f4xx_it.o(i.MemManage_Handler) for i.MemManage_Handler
    stm32f4xx_it.o(.ARM.exidx) refers to stm32f4xx_it.o(i.BusFault_Handler) for i.BusFault_Handler
    stm32f4xx_it.o(.ARM.exidx) refers to stm32f4xx_it.o(i.UsageFault_Handler) for i.UsageFault_Handler
    stm32f4xx_it.o(.ARM.exidx) refers to stm32f4xx_it.o(i.SVC_Handler) for i.SVC_Handler
    stm32f4xx_it.o(.ARM.exidx) refers to stm32f4xx_it.o(i.DebugMon_Handler) for i.DebugMon_Handler
    stm32f4xx_it.o(.ARM.exidx) refers to stm32f4xx_it.o(i.PendSV_Handler) for i.PendSV_Handler
    stm32f4xx_it.o(.ARM.exidx) refers to stm32f4xx_it.o(i.SysTick_Handler) for i.SysTick_Handler
    misc.o(.ARM.exidx) refers to misc.o(i.NVIC_PriorityGroupConfig) for i.NVIC_PriorityGroupConfig
    misc.o(.ARM.exidx) refers to misc.o(i.NVIC_Init) for i.NVIC_Init
    misc.o(.ARM.exidx) refers to misc.o(i.NVIC_SetVectorTable) for i.NVIC_SetVectorTable
    misc.o(.ARM.exidx) refers to misc.o(i.NVIC_SystemLPConfig) for i.NVIC_SystemLPConfig
    misc.o(.ARM.exidx) refers to misc.o(i.SysTick_CLKSourceConfig) for i.SysTick_CLKSourceConfig
    stm32f4xx_adc.o(i.ADC_DeInit) refers to stm32f4xx_rcc.o(i.RCC_APB2PeriphResetCmd) for RCC_APB2PeriphResetCmd
    stm32f4xx_adc.o(.ARM.exidx) refers to stm32f4xx_adc.o(i.ADC_DeInit) for i.ADC_DeInit
    stm32f4xx_adc.o(.ARM.exidx) refers to stm32f4xx_adc.o(i.ADC_Init) for i.ADC_Init
    stm32f4xx_adc.o(.ARM.exidx) refers to stm32f4xx_adc.o(i.ADC_StructInit) for i.ADC_StructInit
    stm32f4xx_adc.o(.ARM.exidx) refers to stm32f4xx_adc.o(i.ADC_CommonInit) for i.ADC_CommonInit
    stm32f4xx_adc.o(.ARM.exidx) refers to stm32f4xx_adc.o(i.ADC_CommonStructInit) for i.ADC_CommonStructInit
    stm32f4xx_adc.o(.ARM.exidx) refers to stm32f4xx_adc.o(i.ADC_Cmd) for i.ADC_Cmd
    stm32f4xx_adc.o(.ARM.exidx) refers to stm32f4xx_adc.o(i.ADC_AnalogWatchdogCmd) for i.ADC_AnalogWatchdogCmd
    stm32f4xx_adc.o(.ARM.exidx) refers to stm32f4xx_adc.o(i.ADC_AnalogWatchdogThresholdsConfig) for i.ADC_AnalogWatchdogThresholdsConfig
    stm32f4xx_adc.o(.ARM.exidx) refers to stm32f4xx_adc.o(i.ADC_AnalogWatchdogSingleChannelConfig) for i.ADC_AnalogWatchdogSingleChannelConfig
[...]
    PF_normal_scene()                        0x08003a6d   Thumb Code    34  processfunctions.o(i._Z15PF_normal_scenev)
    PhotoSwitchInit()                        0x08003aa5   Thumb Code    60  photoswitch.o(i._Z15PhotoSwitchInitv)
    RaspiImportData(unsigned char)           0x08003aed   Thumb Code    24  respcom.o(i._Z15RaspiImportDatah)
    _LCD_Show_Putch(char, _LCD_Show_Structure*) 0x08003b19   Thumb Code    48  lcd_print.o(i._Z15_LCD_Show_PutchcP19_LCD_Show_Structure)
    _LCD_printFloat(void*, _LCD_Show_Structure*) 0x08003b49   Thumb Code   114  lcd_print.o(i._Z15_LCD_printFloatPvP19_LCD_Show_Structure)
    getButtonIRdata()                        0x08003bc5   Thumb Code    24  buttonir.o(i._Z15getButtonIRdatav)
    getEncoderCount()                        0x08003be5   Thumb Code    52  motor.o(i._Z15getEncoderCountv)
    getToLine_Index(int)                     0x08003c39   Thumb Code    18  track.o(i._Z15getToLine_Indexi)
    getToLine_Mixed(int)                     0x08003c51   Thumb Code    18  track.o(i._Z15getToLine_Mixedi)
    getoffset_Index(int)                     0x08003c69   Thumb Code    56  track.o(i._Z15getoffset_Indexi)
    track_on_bridge()                        0x08003ca9   Thumb Code   130  track.o(i._Z15track_on_bridgev)
    turnToDirection(int, int)                0x08003d51   Thumb Code    62  map.o(i._Z15turnToDirectionii)
    waitingForBegin()                        0x08003db9   Thumb Code    28  main.o(i._Z15waitingForBeginv)
    Action_Handsdown()                       0x08003dd5   Thumb Code    12  actions.o(i._Z16Action_Handsdownv)
    Action_ShakeHead()                       0x08003de1   Thumb Code    20  actions.o(i._Z16Action_ShakeHeadv)
    AdjTillGetQrCode()                       0x08003df5   Thumb Code   106  processfunctions.o(i._Z16AdjTillGetQrCodev)
    CameraFlash_Init()                       0x08003e81   Thumb Code    50  cameraflash.o(i._Z16CameraFlash_Initv)
    GetLineIndexToGo()                       0x08003eb9   Thumb Code   238  mainmap.o(i._Z16GetLineIndexToGov)
    LCD_AUTOScan_Dir(unsigned char)          0x08003fb1   Thumb Code   348  lcd.o(i._Z16LCD_AUTOScan_Dirh)
    LCD_Is_Main_Root()                       0x08004129   Thumb Code    20  lcd_show.o(i._Z16LCD_Is_Main_Rootv)
    LED_SPI_SendBits(unsigned char)          0x08004145   Thumb Code    44  ws2811.o(i._Z16LED_SPI_SendBitsh)
    MAP_getPathRoute(int, int)               0x08004171   Thumb Code    50  mainmap.o(i._Z16MAP_getPathRouteii)
    MAP_goRoute_Test()                       0x080041b1   Thumb Code    16  mainmap.o(i._Z16MAP_goRoute_Testv)
    RaspiSendRequest(unsigned char)          0x080041c9   Thumb Code    24  respcom.o(i._Z16RaspiSendRequesth)
    Test_goWithPulse()                       0x080041ed   Thumb Code    14  track.o(i._Z16Test_goWithPulsev)
    Test_turnByAngle()                       0x08004201   Thumb Code    12  motor.o(i._Z16Test_turnByAnglev)
    Treasure_OneTime()                       0x08004211   Thumb Code   146  treasure.o(i._Z16Treasure_OneTimev)
    USART_DEBUG_SEND(unsigned char)          0x080042b1   Thumb Code    48  lcd_print.o(i._Z16USART_DEBUG_SENDh)
    _LCD_Print_Putch(char)                   0x080042e5   Thumb Code   158  lcd_print.o(i._Z16_LCD_Print_Putchc)
    _motor_gpio_init(GPIO_TypeDef*, int)     0x080043a5   Thumb Code    42  motor.o(i._Z16_motor_gpio_initP12GPIO_TypeDefi)
    addNodeToAllnode(MapNode*)               0x080043d1   Thumb Code    44  map.o(i._Z16addNodeToAllnodeP7MapNode)
    getDynamicPIDOut(int, int)               0x08004425   Thumb Code   110  track.o(i._Z16getDynamicPIDOutii)
    turnAngleByPulse(int)                    0x080044a9   Thumb Code   160  motor.o(i._Z16turnAngleByPulsei)
    turnAngleByPulse(int, int)               0x08004569   Thumb Code   146  motor.o(i._Z16turnAngleByPulseii)
    Click_Switch_Init()                      0x08004619   Thumb Code    38  key.o(i._Z17Click_Switch_Initv)
    LCD_Fill_onecolor(unsigned short, unsigned short, unsigned short, unsigned short, unsigned short) 0x08004645   Thumb Code    80  lcd.o(i._Z17LCD_Fill_onecolorttttt)
    LED_SPI_SendPixel(unsigned)              0x08004699   Thumb Code    34  ws2811.o(i._Z17LED_SPI_SendPixelj)
    LED_SPI_WriteByte(unsigned short)        0x080046bd   Thumb Code    22  ws2811.o(i._Z17LED_SPI_WriteBytet)
    Moving_Median_int(int, int)              0x080046dd   Thumb Code   220  mymath.o(i._Z17Moving_Median_intii)
    PF_Flat_450_scene()                      0x080047c1   Thumb Code    42  processfunctions.o(i._Z17PF_Flat_450_scenev)
    PF_seesawOnCircle()                      0x080047f5   Thumb Code   232  processfunctions.o(i._Z17PF_seesawOnCirclev)
    SEN2020ImportData(unsigned char)         0x080048f5   Thumb Code    40  sen2020.o(i._Z17SEN2020ImportDatah)
    SearchForNodeByID(int)                   0x08004929   Thumb Code    40  map.o(i._Z17SearchForNodeByIDi)
    Test_turnToOnLine()                      0x08004959   Thumb Code    14  motor.o(i._Z17Test_turnToOnLinev)
    _LCD_Clear_Border(_LCD_Show_Structure*)  0x0800496d   Thumb Code   182  lcd_show.o(i._Z17_LCD_Clear_BorderP19_LCD_Show_Structure)
    _LCD_DEBUG_KEY_UP()                      0x08004a2d   Thumb Code    22  lcd_show.o(i._Z17_LCD_DEBUG_KEY_UPv)
    motorBlockPrevent()                      0x08004a49   Thumb Code    66  track.o(i._Z17motorBlockPreventv)
    motorEncoder_init()                      0x08004a9d   Thumb Code   142  motorencoder.o(i._Z17motorEncoder_initv)
    turnByAngleByTime(int)                   0x08004b35   Thumb Code    78  motor.o(i._Z17turnByAngleByTimei)
    Action_ArriveScene()                     0x08004b89   Thumb Code    28  actions.o(i._Z18Action_ArriveScenev)
    FLASH_READ_ONEDATA(unsigned char, unsigned) 0x08004ba5   Thumb Code    18  bsp_flash.o(i._Z18FLASH_READ_ONEDATAhj)
    LCD_Draw_Rectangle(unsigned short, unsigned short, unsigned short, unsigned short) 0x08004bbd   Thumb Code    60  lcd.o(i._Z18LCD_Draw_Rectangletttt)
    Laser_LeftIsOnLine()                     0x08004bf9   Thumb Code    26  photoswitch.o(i._Z18Laser_LeftIsOnLinev)
    LeftEncoderHandler(int)                  0x08004c1d   Thumb Code    34  motorencoder.o(i._Z18LeftEncoderHandleri)
    USART3_SendByByter(unsigned char)        0x08004c49   Thumb Code    36  usart.o(i._Z18USART3_SendByByterh)
    convertRouteToPath()                     0x08004c71   Thumb Code    98  map.o(i._Z18convertRouteToPathv)
    turnRadiusTillLine(int, int)             0x08004ce5   Thumb Code    44  track.o(i._Z18turnRadiusTillLineii)
    Action_FindTreasure()                    0x08004d11   Thumb Code    26  actions.o(i._Z19Action_FindTreasurev)
    FLASH_WRITE_ONEDATA(int, int, unsigned)  0x08004d2d   Thumb Code    56  bsp_flash.o(i._Z19FLASH_WRITE_ONEDATAiij)
    LCD_Color_DrawPoint(unsigned short, unsigned short, unsigned short) 0x08004d69   Thumb Code   110  lcd.o(i._Z19LCD_Color_DrawPointttt)
    Laser_FrontIsOnLine()                    0x08004df5   Thumb Code    24  photoswitch.o(i._Z19Laser_FrontIsOnLinev)
    PF_SingleSideBridge()                    0x08004e15   Thumb Code   336  processfunctions.o(i._Z19PF_SingleSideBridgev)
    RightEncoderHandler(int)                 0x08004f9d   Thumb Code    34  motorencoder.o(i._Z19RightEncoderHandleri)
    SEN2020USARTDisable()                    0x08004fc9   Thumb Code    26  sen2020.o(i._Z19SEN2020USARTDisablev)
    Test_getFrontIRData()                    0x08004fe9   Thumb Code     8  buttonir.o(i._Z19Test_getFrontIRDatav)
    _LCD_DEBUG_KEY_DOWN()                    0x08004ff1   Thumb Code    38  lcd_show.o(i._Z19_LCD_DEBUG_KEY_DOWNv)
    _LCD_DEBUG_KEY_LEFT()                    0x08005021   Thumb Code    66  lcd_show.o(i._Z19_LCD_DEBUG_KEY_LEFTv)
    _LCD_Structure_Show(_LCD_Show_Structure*) 0x08005069   Thumb Code   178  lcd_show.o(i._Z19_LCD_Structure_ShowP19_LCD_Show_Structure)
    getAngleBetweenPath(Path*, Path*)        0x08005121   Thumb Code   140  map.o(i._Z19getAngleBetweenPathP4PathS0_)
    Flash_Write_One_Data(int, unsigned, int) 0x080051dd   Thumb Code    86  flashoperation.o(i._Z20Flash_Write_One_Dataiji)
    GetExceptionFunction(Path*, MapNode*)    0x08005271   Thumb Code   286  mainmap.o(i._Z20GetExceptionFunctionP4PathP7MapNode)
    LCD_Show_User_Config()                   0x080054a9   Thumb Code  3616  lcd_show.o(i._Z20LCD_Show_User_Configv)
    LCD_WriteRAM_Prepare()                   0x080062c9   Thumb Code    10  lcd.o(i._Z20LCD_WriteRAM_Preparev)
    MAP_goRoute_Test_900()                   0x080062dd   Thumb Code    36  mainmap.o(i._Z20MAP_goRoute_Test_900v)
    _LCD_DEBUG_KEY_RIGHT()                   0x08006301   Thumb Code    66  lcd_show.o(i._Z20_LCD_DEBUG_KEY_RIGHTv)
    _LCD_Show_Clear_Area(_LCD_Show_Structure*) 0x0800634d   Thumb Code   144  lcd_show.o(i._Z20_LCD_Show_Clear_AreaP19_LCD_Show_Structure)
    getoffset_WidthLimit(int)                0x080063dd   Thumb Code    80  track.o(i._Z20getoffset_WidthLimiti)
    linecountAfterFitter()                   0x08006439   Thumb Code    14  track.o(i._Z20linecountAfterFitterv)
    Action_HandsupByOrder()                  0x0800644d   Thumb Code    12  actions.o(i._Z21Action_HandsupByOrderv)
    CreatePathBetweenNode(int, int, int, int, int, int) 0x08006459   Thumb Code    84  map.o(i._Z21CreatePathBetweenNodeiiiiii)
    LED_SPI_LowLevel_Init()                  0x080064c9   Thumb Code   276  ws2811.o(i._Z21LED_SPI_LowLevel_Initv)
    Test_turnAngleByPulse()                  0x080065f1   Thumb Code    12  motor.o(i._Z21Test_turnAngleByPulsev)
    _LCD_Show_Draw_Border(_LCD_Show_Structure*) 0x08006601   Thumb Code   162  lcd_show.o(i._Z21_LCD_Show_Draw_BorderP19_LCD_Show_Structure)
    _SEN2020_init_channel(GPIO_TypeDef*, int) 0x080066a3   Thumb Code    40  sen2020.o(i._Z21_SEN2020_init_channelP12GPIO_TypeDefi)
    getSEN2020DigitalData()                  0x080066cd   Thumb Code   166  sen2020.o(i._Z21getSEN2020DigitalDatav)
    turnByAnglePulseReset()                  0x08006795   Thumb Code    20  track.o(i._Z21turnByAnglePulseResetv)
    LCD_DEBUG_Permeter_Add(void*, char*, int) 0x080067b9   Thumb Code    24  lcd_show.o(i._Z22LCD_DEBUG_Permeter_AddPvPci)
    Travel_Read_Door_Status()                0x080067d5   Thumb Code    36  travel.o(i._Z23Travel_Read_Door_Statusv)
    _LCD_Show_Structure_Add(void*, unsigned char, unsigned short, unsigned short, unsigned short, char*, unsigned char, void(*)(void*, _LCD_Show_Structure*)) 0x08006801   Thumb Code   134  lcd_show.o(i._Z23_LCD_Show_Structure_AddPvhtttPchPFvS_P19_LCD_Show_StructureE)
    Travel_Write_Door_Status(int, int)       0x080068a9   Thumb Code    18  travel.o(i._Z24Travel_Write_Door_Statusii)
    Travel_Write_Door_Status()               0x080068c1   Thumb Code    16  travel.o(i._Z24Travel_Write_Door_Statusv)
    I2C_ReadSomeDataFromSlave(unsigned char, unsigned char, unsigned char, unsigned char*) 0x080068d9   Thumb Code   120  i2c.o(i._Z25I2C_ReadSomeDataFromSlavehhhPh)
    TrackNoExceptionForLength(int, int)      0x08006951   Thumb Code    94  track.o(i._Z25TrackNoExceptionForLengthii)
    _ExceptionFunction_NoLine()              0x080069c9   Thumb Code    22  exceptionfunction.o(i._Z25_ExceptionFunction_NoLinev)
    LCD_Structure_Calc_Postion()             0x080069f9   Thumb Code    54  lcd_show.o(i._Z26LCD_Structure_Calc_Postionv)
    Test_turnAngleByPulseSpeed()             0x08006a35   Thumb Code    16  motor.o(i._Z26Test_turnAngleByPulseSpeedv)
    _ExceptionFunction_OneLine()             0x08006a4d   Thumb Code    12  exceptionfunction.o(i._Z26_ExceptionFunction_OneLinev)
    _ExceptionFunction_vertial()             0x08006a71   Thumb Code    60  exceptionfunction.o(i._Z26_ExceptionFunction_vertialv)
    Test_getClick_TriggeredData()            0x08006ab1   Thumb Code    12  key.o(i._Z27Test_getClick_TriggeredDatav)
    Treasure_Read_Treasure_Index()           0x08006ac1   Thumb Code    30  treasure.o(i._Z28Treasure_Read_Treasure_Indexv)
    LCD_Get_Current_Selected_Node()          0x08006ae9   Thumb Code    54  lcd_show.o(i._Z29LCD_Get_Current_Selected_Nodev)
    Treasure_Write_Treasure_Index(int, int)  0x08006b29   Thumb Code    18  treasure.o(i._Z29Treasure_Write_Treasure_Indexii)
    _ExceptionFunction_ToMutiline()          0x08006b41   Thumb Code    20  exceptionfunction.o(i._Z29_ExceptionFunction_ToMutilinev)
    Test_TrackNoExceptionForLength()         0x08006b55   Thumb Code    16  track.o(i._Z30Test_TrackNoExceptionForLengthv)
    LCD_DEBUG_Permeter_Add_As_Child(void*, char*, int, _LCD_Show_Structure*) 0x08006b6d   Thumb Code   158  lcd_show.o(i._Z31LCD_DEBUG_Permeter_Add_As_ChildPvPciP19_LCD_Show_Structure)
    _ExceptionFunction_MutiToOneLine()       0x08006c1d   Thumb Code    52  exceptionfunction.o(i._Z32_ExceptionFunction_MutiToOneLinev)
    goWithPulseWithDifSpeedByLbCoder(int, int, int) 0x08006c55   Thumb Code    74  track.o(i._Z32goWithPulseWithDifSpeedByLbCoderiii)
    goWithPulseWithDifSpeedByLbCoderTest()   0x08006ccd   Thumb Code    20  track.o(i._Z36goWithPulseWithDifSpeedByLbCoderTestv)
    hit(int, int)                            0x08006ced   Thumb Code    58  processfunctions.o(i._Z3hitii)
    IROn()                                   0x08006d31   Thumb Code     8  processfunctions.o(i._Z4IROnv)
    Stop()                                   0x08006d39   Thumb Code    84  i2c.o(i._Z4Stopv)
    IROff()                                  0x08006d91   Thumb Code     8  processfunctions.o(i._Z5IROffv)
    Start()                                  0x08006d99   Thumb Code   106  i2c.o(i._Z5Startv)
    BeepOn()                                 0x08006e09   Thumb Code    12  beep.o(i._Z6BeepOnv)
    GetAck()                                 0x08006e19   Thumb Code    64  i2c.o(i._Z6GetAckv)
    SetAck(FunctionalState)                  0x08006e5d   Thumb Code   132  i2c.o(i._Z6SetAck15FunctionalState)
    getDir()                                 0x08006ee5   Thumb Code   174  magnetometer.o(i._Z6getDirv)
    strcat(char*, char*)                     0x08006fb9   Thumb Code    30  lcd_show.o(i._Z6strcatPcS_)
    strlen(char*)                            0x08006fd7   Thumb Code    18  lcd_show.o(i._Z6strlenPc)
    BeepOff()                                0x08006fe9   Thumb Code    12  beep.o(i._Z7BeepOffv)
    FlashOn()                                0x08006ff9   Thumb Code    12  cameraflash.o(i._Z7FlashOnv)
    GetAdc3(unsigned char)                   0x08007009   Thumb Code    44  adc.o(i._Z7GetAdc3h)
    Get_Adc(unsigned char)                   0x08007039   Thumb Code    44  adc.o(i._Z7Get_Adch)
    LED_SET(int, int)                        0x08007069   Thumb Code   138  led.o(i._Z7LED_SETii)
    hitTest()                                0x08007101   Thumb Code    12  processfunctions.o(i._Z7hitTestv)
    FlashOff()                               0x0800710d   Thumb Code    12  cameraflash.o(i._Z8FlashOffv)
    LCD_Init()                               0x0800711d   Thumb Code  1624  lcd.o(i._Z8LCD_Initv)
    LCD_Show()                               0x08007781   Thumb Code    12  lcd_show.o(i._Z8LCD_Showv)
    LED_init()                               0x08007791   Thumb Code    80  led.o(i._Z8LED_initv)
    MAP_Init()                               0x080077e9   Thumb Code  1640  mainmap.o(i._Z8MAP_Initv)
    MainLoop()                               0x08007e61   Thumb Code   128  task.o(i._Z8MainLoopv)
    RCC_init()                               0x08007efd   Thumb Code   180  rcc.o(i._Z8RCC_initv)
    SetSpeed()                               0x08007fb1   Thumb Code    20  processfunctions.o(i._Z8SetSpeedv)
    Task_1HZ()                               0x08007fcd   Thumb Code    12  task.o(i._Z8Task_1HZv)
    delay_ms(unsigned short)                 0x08007fdd   Thumb Code    56  common.o(i._Z8delay_mst)
    delay_us(unsigned)                       0x08008015   Thumb Code    72  common.o(i._Z8delay_usj)
    getLines(unsigned char*)                 0x08008061   Thumb Code   200  track.o(i._Z8getLinesPh)
    getRoute(MapNode*, MapNode*)             0x08008139   Thumb Code   354  map.o(i._Z8getRouteP7MapNodeS0_)
    setPulse(unsigned char, int)             0x080082d1   Thumb Code    46  processfunctions.o(i._Z8setPulsehi)
    setSpeed(short, short)                   0x08008309   Thumb Code   140  motor.o(i._Z8setSpeedss)
    ADC1_Init()                              0x080083b5   Thumb Code   108  adc.o(i._Z9ADC1_Initv)
    ADC3_init()                              0x08008429   Thumb Code    70  adc.o(i._Z9ADC3_initv)
    Beep_init()                              0x08008479   Thumb Code    40  beep.o(i._Z9Beep_initv)
    GetSector(unsigned)                      0x080084a5   Thumb Code   182  bsp_flash.o(i._Z9GetSectorj)
    IRControl()                              0x08008589   Thumb Code    66  processfunctions.o(i._Z9IRControlv)
    KeyFitter()                              0x080085d1   Thumb Code    20  key.o(i._Z9KeyFitterv)
    LCD_Clear(unsigned short)                0x080085e9   Thumb Code    48  lcd.o(i._Z9LCD_Cleart)
    LCD_putch(char, _LCD_Show_Structure*)    0x08008625   Thumb Code    26  lcd_print.o(i._Z9LCD_putchcP19_LCD_Show_Structure)
    PF_Bridge()                              0x08008641   Thumb Code   114  processfunctions.o(i._Z9PF_Bridgev)
    TIM2_init()                              0x080086c5   Thumb Code    86  tim.o(i._Z9TIM2_initv)
    TIM3_init(int)                           0x0800871d   Thumb Code    60  tim.o(i._Z9TIM3_initi)
    TIM4_init()                              0x0800875d   Thumb Code    86  tim.o(i._Z9TIM4_initv)
    Task_20HZ()                              0x080087b9   Thumb Code    24  task.o(i._Z9Task_20HZv)
    Task_50HZ()                              0x080087d1   Thumb Code     2  task.o(i._Z9Task_50HZv)
    beepCheck()                              0x080087d5   Thumb Code    26  beep.o(i._Z9beepCheckv)
    delay_xms(unsigned short)                0x080087f5   Thumb Code    72  common.o(i._Z9delay_xmst)
    getPIDout(int)                           0x08008841   Thumb Code    16  track.o(i._Z9getPIDouti)
    getToLine(int(*)(int), int, int, int)    0x08008855   Thumb Code   128  track.o(i._Z9getToLinePFiiEiii)
    limit0360(int)                           0x080088e1   Thumb Code    44  map.o(i._Z9limit0360i)
    Path::setOneNode(MapNode*)               0x0800891d   Thumb Code    50  mappath.o(i._ZN4Path10setOneNodeEP7MapNode)
    Path::bindNodeById(int, int)             0x08008985   Thumb Code    70  mappath.o(i._ZN4Path12bindNodeByIdEii)
    Path::getAnotherNode(MapNode*)           0x080089fd   Thumb Code    16  mappath.o(i._ZN4Path14getAnotherNodeEP7MapNode)
    Path::getDirFromNode(MapNode*)           0x08008a0d   Thumb Code    46  mappath.o(i._ZN4Path14getDirFromNodeEP7MapNode)
    Path::GetWeightFromNode(MapNode*)        0x08008a59   Thumb Code    26  mappath.o(i._ZN4Path17GetWeightFromNodeEP7MapNode)
    Path::Path(int, int, int)                0x08008a75   Thumb Code    34  mappath.o(i._ZN4PathC1Eiii)
    Path::Path__sub_object(int, int, int)    0x08008a75   Thumb Code     0  mappath.o(i._ZN4PathC1Eiii)
    MapNode::tryAddPath(Path*)               0x08008aa1   Thumb Code    44  mapnode.o(i._ZN7MapNode10tryAddPathEP4Path)
    MapNode::searchPathByid(int)             0x08008af1   Thumb Code    44  mapnode.o(i._ZN7MapNode14searchPathByidEi)
    MapNode::MapNode()                       0x08008b1d   Thumb Code    42  mapnode.o(i._ZN7MapNodeC1Ev)
    MapNode::MapNode__sub_object()           0x08008b1d   Thumb Code     0  mapnode.o(i._ZN7MapNodeC1Ev)
    operator delete[] (void*)                0x08008b4d   Thumb Code     8  array_del.o(i._ZdaPv)
    operator delete (void*)                  0x08008b55   Thumb Code     8  delete.o(i._ZdlPv)
    operator new[] (unsigned)                0x08008b5d   Thumb Code     8  array_new.o(i._Znaj)
    operator new(unsigned)                   0x08008b65   Thumb Code    34  new.o(i._Znwj)
    __ARM_array_new_general                  0x08008b8d   Thumb Code   146  array_new_general.o(i.__ARM_array_new_general)
    __ARM_fpclassify                         0x08008c1f   Thumb Code    48  fpclassify.o(i.__ARM_fpclassify)
    __aeabi_vec_new_nocookie                 0x08008c4f   Thumb Code    22  aeabi_vec_new_nocookie.o(i.__aeabi_vec_new_nocookie)
    __cxa_vec_new                            0x08008c65   Thumb Code    18  cxa_vec_new.o(i.__cxa_vec_new)
    __hardfp_atan                            0x08008c81   Thumb Code   632  atan.o(i.__hardfp_atan)
    __hardfp_atan2                           0x08008f61   Thumb Code   426  atan2.o(i.__hardfp_atan2)
    __kernel_poly                            0x08009151   Thumb Code   248  poly.o(i.__kernel_poly)
    __mathlib_dbl_underflow                  0x08009249   Thumb Code    24  dunder.o(i.__mathlib_dbl_underflow)
    __scatterload_copy                       0x08009269   Thumb Code    14  handlers.o(i.__scatterload_copy)
    __scatterload_null                       0x08009277   Thumb Code     2  handlers.o(i.__scatterload_null)
    __scatterload_zeroinit                   0x08009279   Thumb Code    14  handlers.o(i.__scatterload_zeroinit)
    atan                                     0x08009287   Thumb Code    16  atan.o(i.atan)
    fabs                                     0x08009297   Thumb Code    24  fabs.o(i.fabs)
    free                                     0x080092b1   Thumb Code    76  malloc.o(i.free)
    main                                     0x08009301   Thumb Code   128  main.o(i.main)
    malloc                                   0x080093a1   Thumb Code    92  malloc.o(i.malloc)
    __mathlib_zero                           0x0800ac68   Data           8  qnan.o(.constdata)
    Region$$Table$$Base                      0x0800acbc   Number         0  anon$$obj.o(Region$$Table)
    Region$$Table$$Limit                     0x0800acdc   Number         0  anon$$obj.o(Region$$Table)
    difSpeedLength                           0x20000014   Data           4  track.o(.data)
    difLeftSpeed                             0x20000018   Data           4  track.o(.data)
    difRightSpeed                            0x2000001c   Data           4  track.o(.data)
    bridgeSpeed                              0x20000020   Data           4  track.o(.data)
    Kd                                       0x20000024   Data           4  track.o(.data)
    Kp                                       0x20000028   Data           4  track.o(.data)
    NOLINE_count                             0x2000002c   Data           4  track.o(.data)
    Vertical_count                           0x20000030   Data           4  track.o(.data)
    D_Out_Period                             0x20000034   Data           4  track.o(.data)
    pido                                     0x20000038   Data           4  track.o(.data)
    linecount                                0x2000003c   Data           1  track.o(.data)
    lightCount                               0x2000003d   Data           1  track.o(.data)
    sensers                                  0x20000040   Data           4  track.o(.data)
    currentSpeed                             0x20000044   Data           4  track.o(.data)
    straightSpeed                            0x20000048   Data           4  track.o(.data)
    Track_Kd                                 0x2000004c   Data           4  track.o(.data)
    Track_Kp                                 0x20000050   Data           4  track.o(.data)
    Track_kkp                                0x20000054   Data           4  track.o(.data)
    Track_kkd                                0x20000058   Data           4  track.o(.data)
    Track_Last_Offset                        0x2000005c   Data           4  track.o(.data)
    Track_PidCount                           0x20000060   Data           4  track.o(.data)
    Track_Dout                               0x20000064   Data           4  track.o(.data)
    Bridge_kp                                0x20000068   Data           4  track.o(.data)
    Bridge_kd                                0x2000006c   Data           4  track.o(.data)
    Bridge_Last_Offset                       0x20000070   Data           4  track.o(.data)
    Bridge_Dout                              0x20000074   Data           4  track.o(.data)
    Bridge_PidCount                          0x20000078   Data           4  track.o(.data)
    Encoder_rfpulse                          0x2000007c   Data           4  track.o(.data)
    Encoder_lfpulse                          0x20000080   Data           4  track.o(.data)
    Encoder_rbpulse                          0x20000084   Data           4  track.o(.data)
    Encoder_lbpulse                          0x20000088   Data           4  track.o(.data)
    Encoder_pulseOnFlag                      0x2000008c   Data           4  track.o(.data)
    speedCompensate                          0x20000090   Data           4  track.o(.data)
    currentMotorRout                         0x20000094   Data           4  track.o(.data)
    currentMotorLout                         0x20000098   Data           4  track.o(.data)
    motorNospeedCompensate                   0x2000009c   Data           4  track.o(.data)
    compensateFlag                           0x200000a0   Data           4  track.o(.data)
    lineWitdh                                0x200000a4   Data           8  track.o(.data)
    lineindex                                0x200000ac   Data           4  track.o(.data)
    Test_Param_turnByAngle_angle             0x200000b0   Data           4  track.o(.data)
    Test_Param_Go_length                     0x200000b4   Data           4  track.o(.data)
    TrackTestFlag                            0x200000b8   Data           1  track.o(.data)
    flatSceneIdArray                         0x200000bc   Data           8  mainmap.o(.data)
    flatSceneIdArrayLen                      0x200000c4   Data           1  mainmap.o(.data)
    vertialIdarray                           0x200000c5   Data           5  mainmap.o(.data)
    vertialSceneIdArrayLen                   0x200000ca   Data           1  mainmap.o(.data)
    dumbNodeArray                            0x200000cb   Data           5  mainmap.o(.data)
    dumbNodeArrayLen                         0x200000d0   Data           1  mainmap.o(.data)
    singleLineBridgeArray                    0x200000d1   Data           2  mainmap.o(.data)
    singleLineBridgeArrayLen                 0x200000d3   Data           1  mainmap.o(.data)
    flatSceneToTreasure                      0x200000d4   Data           8  mainmap.o(.data)
    flatSceneToTreasureLen                   0x200000dc   Data           1  mainmap.o(.data)
    doorArrayPos                             0x200000dd   Data           4  mainmap.o(.data)
    doorArrayLen                             0x200000e1   Data           1  mainmap.o(.data)
    stopRouteFlag                            0x200000e2   Data           1  mainmap.o(.data)
    travelSceneArray                         0x200000e3   Data          12  mainmap.o(.data)
    Nodeid1                                  0x200000f0   Data           4  mainmap.o(.data)
    Nodeid2                                  0x200000f4   Data           4  mainmap.o(.data)
    nextNode                                 0x200000f8   Data           4  mainmap.o(.data)
    exceptionFunction                        0x200000fc   Data           4  mainmap.o(.data)
    trackfunction                            0x20000100   Data           4  mainmap.o(.data)
    startNode                                0x20000104   Data           4  mainmap.o(.data)
    currentNode                              0x20000108   Data           4  mainmap.o(.data)
    currentDirection                         0x2000010c   Data           4  mainmap.o(.data)
    RouteIndex                               0x20000110   Data           4  mainmap.o(.data)
    Speed_VeryHigh                           0x20000114   Data           4  mainmap.o(.data)
    Speed_High                               0x20000118   Data           4  mainmap.o(.data)
    Speed_Mid                                0x2000011c   Data           4  mainmap.o(.data)
    Speed_Low                                0x20000120   Data           4  mainmap.o(.data)
    currentPath                              0x20000124   Data           4  mainmap.o(.data)
    rapidFlag                                0x20000128   Data           1  mainmap.o(.data)
    defaultRapidSpeed                        0x2000012c   Data           4  mainmap.o(.data)
    Count_1ms                                0x20000130   Data           4  task.o(.data)
    Count_2ms                                0x20000134   Data           4  task.o(.data)
    Count_4ms                                0x20000138   Data           4  task.o(.data)
    Count_20ms                               0x2000013c   Data           4  task.o(.data)
    Count_50ms                               0x20000140   Data           4  task.o(.data)
    Count_1s                                 0x20000144   Data           4  task.o(.data)
    Task_check_flag                          0x20000148   Data           1  task.o(.data)
    i                                        0x2000014c   Data           4  task.o(.data)
    pre                                      0x20000150   Data           4  task.o(.data)
    MED_FIL_ITEM_int                         0x20000154   Data           4  mymath.o(.data)
    med_fil_cnt_int                          0x20000158   Data           4  mymath.o(.data)
    bridgeLeftSpeed                          0x2000015c   Data           4  processfunctions.o(.data)
    bridgeRightSpeed                         0x20000160   Data           4  processfunctions.o(.data)
    bridgeAngle                              0x20000164   Data           4  processfunctions.o(.data)
    GoDownSpeed                              0x20000168   Data           4  processfunctions.o(.data)
    speednomal                               0x2000016c   Data           4  processfunctions.o(.data)
    speedGive                                0x20000170   Data           4  processfunctions.o(.data)
    seesawAngle                              0x20000174   Data           4  processfunctions.o(.data)
    seesawGoOnPulse                          0x20000178   Data           4  processfunctions.o(.data)
    ls                                       0x2000017c   Data           4  processfunctions.o(.data)
    rs                                       0x20000180   Data           4  processfunctions.o(.data)
    currentTreasureIndex                     0x20000184   Data           4  processfunctions.o(.data)
    irDataCount                              0x20000188   Data           4  processfunctions.o(.data)
    dataStartFlag                            0x2000018c   Data           1  processfunctions.o(.data)
    ir_us                                    0x20000190   Data           4  processfunctions.o(.data)
    ir_usStartFlag                           0x20000194   Data           4  processfunctions.o(.data)
    IRdata                                   0x20000198   Data           9  processfunctions.o(.data)
    _ExceptionFunction_MutiToOneLine_MutiFlag 0x200001a1   Data           1  exceptionfunction.o(.data)
    PausedBydoorFlag                         0x200001a4   Data           4  travel.o(.data)
    beginTravelFlag                          0x200001a8   Data           1  travel.o(.data)
    doorIndex                                0x200001ac   Data           4  travel.o(.data)
    status                                   0x200001b0   Data           4  travel.o(.data)
    beginTreasureFlag                        0x200001b4   Data           1  treasure.o(.data)
    nextTreasure                             0x200001b8   Data           4  treasure.o(.data)
    TreasureCount                            0x200001bc   Data           4  treasure.o(.data)
    treasurePos                              0x200001c0   Data           4  treasure.o(.data)
    treasureIndex                            0x200001c4   Data           4  treasure.o(.data)
    BRUSH_COLOR                              0x200001c8   Data           2  lcd.o(.data)
    BACK_COLOR                               0x200001ca   Data           2  lcd.o(.data)
    lcd_id                                   0x200001cc   Data           2  lcd.o(.data)
    dir_flag                                 0x200001ce   Data           1  lcd.o(.data)
    lcd_width                                0x200001d0   Data           2  lcd.o(.data)
    lcd_height                               0x200001d2   Data           2  lcd.o(.data)
    write_gramcmd                            0x200001d4   Data           2  lcd.o(.data)
    setxcmd                                  0x200001d6   Data           2  lcd.o(.data)
    setycmd                                  0x200001d8   Data           2  lcd.o(.data)
    ledState                                 0x200001da   Data           3  led.o(.data)
    SEN2020Array                             0x200001dd   Data           8  sen2020.o(.data)
    SEN2020Datas                             0x200001e5   Data           1  sen2020.o(.data)
    SEN2020Analogdatas                       0x200001e6   Data           8  sen2020.o(.data)
    SEN2020AnalogRxFlag                      0x200001ee   Data           1  sen2020.o(.data)
    dataIndex                                0x200001ef   Data           1  sen2020.o(.data)
    leftCounterNum                           0x200001f0   Data           1  motorencoder.o(.data)
    rightCounterNum                          0x200001f1   Data           1  motorencoder.o(.data)
    Click_Is_Down                            0x200001f4   Data           4  key.o(.data)
    KeyFitterFlag                            0x200001f8   Data           1  key.o(.data)
    FLASH_STATUS                             0x200001fc   Data           1  bsp_flash.o(.data)
    value                                    0x20000200   Data           4  bsp_flash.o(.data)
    FlashDataCount                           0x20000208   Data           4  bsp_flash.o(.data)
    beepTime                                 0x20000210   Data           4  beep.o(.data)
    PhotoSwitchData                          0x20000214   Data           4  photoswitch.o(.data)
    LaserFrontIsOnline                       0x20000218   Data           4  photoswitch.o(.data)
    LaserLeftIsOnline                        0x2000021c   Data           4  photoswitch.o(.data)
    PixelPointer                             0x20000220   Data           2  ws2811.o(.data)
    Color_red                                0x20000224   Data           4  ws2811.o(.data)
    Color_green                              0x20000228   Data           4  ws2811.o(.data)
    Color_blue                               0x2000022c   Data           4  ws2811.o(.data)
    Color_pink                               0x20000230   Data           4  ws2811.o(.data)
    Color_purple                             0x20000234   Data           4  ws2811.o(.data)
    Color_yellow                             0x20000238   Data           4  ws2811.o(.data)
    Color_cyan                               0x2000023c   Data           4  ws2811.o(.data)
    Color_white                              0x20000240   Data           4  ws2811.o(.data)
    WsDat                                    0x20000244   Data          48  ws2811.o(.data)
    color_cnt                                0x20000274   Data           4  ws2811.o(.data)
    pathAutoIncreaseID                       0x2000027c   Data           4  map.o(.data)
    NodeAutoincreaseID                       0x20000280   Data           4  map.o(.data)
    pathcount                                0x20000284   Data           4  map.o(.data)
    nodecount                                0x20000288   Data           4  map.o(.data)
    nodeRouteCount                           0x2000028c   Data           4  map.o(.data)
    pathRouteCount                           0x20000290   Data           4  map.o(.data)
    PrintGoPath_currentNode                  0x20000294   Data           4  map.o(.data)
    PrintGoPath_direction                    0x20000298   Data           4  map.o(.data)
    IR_button_left                           0x2000029c   Data           4  buttonir.o(.data)
    IR_button_right                          0x200002a0   Data           4  buttonir.o(.data)
    IR_Front                                 0x200002a4   Data           4  buttonir.o(.data)
    turnByAngle_Speed                        0x200002a8   Data           4  motor.o(.data)
    lfEncoderCount                           0x200002ac   Data           4  motor.o(.data)
    rfEncoderCount                           0x200002b0   Data           4  motor.o(.data)
    lbEncoderCount                           0x200002b4   Data           4  motor.o(.data)
    rbEncoderCount                           0x200002b8   Data           4  motor.o(.data)
    lfCurrentEncoderCount                    0x200002bc   Data           4  motor.o(.data)
    rfCurrentEncoderCount                    0x200002c0   Data           4  motor.o(.data)
    lbCurrentEncoderCount                    0x200002c4   Data           4  motor.o(.data)
    rbCurrentEncoderCount                    0x200002c8   Data           4  motor.o(.data)
    Test_Param_Turn_Angle                    0x200002cc   Data           4  motor.o(.data)
    Test_Param_Turn_Speed                    0x200002d0   Data           4  motor.o(.data)
    TurnByPulsePremeterL                     0x200002d4   Data           4  motor.o(.data)
    TurnByPulsePremeterR                     0x200002d8   Data           4  motor.o(.data)
    aimAngle                                 0x200002dc   Data           4  motor.o(.data)
    motorPitchOffset                         0x200002e0   Data           4  motor.o(.data)
    turnByAngleFlag                          0x200002e4   Data           4  motor.o(.data)
    turnByAngleExtiFlag                      0x200002e8   Data           4  motor.o(.data)
    angleArray                               0x200002ec   Data         160  motor.o(.data)
    turnByAngleTest_Speed                    0x2000038c   Data           4  motor.o(.data)
    goWithPulseCompleteFlag                  0x20000390   Data           1  motor.o(.data)
    gowithPulseLeftCount                     0x20000394   Data           4  motor.o(.data)
    respidata                                0x20000398   Data           1  respcom.o(.data)
    respiRespondFlag                         0x20000399   Data           1  respcom.o(.data)
    QrWaitingFlag                            0x2000039a   Data           1  respcom.o(.data)
    QrReadReqeusetFlag                       0x2000039b   Data           1  respcom.o(.data)
    QrReadReqeusetSendedFlag                 0x2000039c   Data           1  respcom.o(.data)
    buff                                     0x200003a0   Data           8  magnetometer.o(.data)
    x                                        0x200003a8   Data           4  magnetometer.o(.data)
    y                                        0x200003ac   Data           4  magnetometer.o(.data)
    z                                        0x200003b0   Data           4  magnetometer.o(.data)
    angle                                    0x200003b4   Data           4  magnetometer.o(.data)
    currentChar                              0x200003b8   Data           4  lcd_print.o(.data)
    currentLine                              0x200003bc   Data           4  lcd_print.o(.data)
    bufferCount                              0x200003c0   Data           4  lcd_print.o(.data)
    bufferTop                                0x200003c4   Data           4  lcd_print.o(.data)
    bufferleft                               0x200003c8   Data           4  lcd_print.o(.data)
    bufferHeight                             0x200003cc   Data           4  lcd_print.o(.data)
    bufferWitdh                              0x200003d0   Data           4  lcd_print.o(.data)
    heightPerChar                            0x200003d4   Data           4  lcd_print.o(.data)
    widthPerChar                             0x200003d8   Data           4  lcd_print.o(.data)
    bufferLines                              0x200003dc   Data           4  lcd_print.o(.data)
    bufferwidthChar                          0x200003e0   Data           4  lcd_print.o(.data)
    LCD_USART_DEBUG                          0x200003e4   Data           1  lcd_print.o(.data)
    LCD_Structure_Root                       0x200003e8   Data           4  lcd_show.o(.data)
    LCD_Current_Root_Node                    0x200003ec   Data           4  lcd_show.o(.data)
    LCD_Selected_Structure                   0x200003f0   Data           4  lcd_show.o(.data)
    LCD_DEBUG_Count                          0x200003f4   Data           4  lcd_show.o(.data)
    LCD_Show_Structure_Count                 0x200003f8   Data           4  lcd_show.o(.data)
    LCD_Selected_Index                       0x200003fc   Data           4  lcd_show.o(.data)
    __microlib_freelist                      0x20000400   Data           4  mvars.o(.data)
    __microlib_freelist_initialised          0x20000404   Data           4  mvars.o(.data)
    lines                                    0x20000414   Data          32  track.o(.bss)
    lineWidth                                0x20000434   Data          32  track.o(.bss)
    med_filter_tmp_int                       0x20000454   Data         200  mymath.o(.bss)
    doorStatus                               0x2000051c   Data          16  travel.o(.bss)
    TreasureIndex                            0x2000052c   Data          12  treasure.o(.bss)
    leftCounters                             0x20000538   Data          40  motorencoder.o(.bss)
    rightCounters                            0x20000560   Data          40  motorencoder.o(.bss)
    PixelBuffer                              0x20000588   Data         656  ws2811.o(.bss)
    Color_Data                               0x20000818   Data         400  ws2811.o(.bss)
    allPath                                  0x200009a8   Data         400  map.o(.bss)
    allNode                                  0x20000b38   Data         400  map.o(.bss)
    nodeRoute                                0x20000cc8   Data         400  map.o(.bss)
    pathRoute                                0x20000e58   Data         400  map.o(.bss)
    LCD_Show_Structures                      0x20000fe8   Data         400  lcd_show.o(.bss)
    values                                   0x20001178   Data          40  lcd_show.o(.bss)
    __heap_base                              0x200011a0   Data           0  startup_stm32f40_41xxx.o(HEAP)
    __heap_limit                             0x200091a0   Data           0  startup_stm32f40_41xxx.o(HEAP)
    __initial_sp                             0x200111a0   Data           0  startup_stm32f40_41xxx.o(STACK)



==============================================================================

Memory Map of the image

  Image Entry point : 0x08000189

  Load Region LR_IROM1 (Base: 0x08000000, Size: 0x0000b0f0, Max: 0x00100000, ABSOLUTE, COMPRESSED[0x0000add8])

    Execution Region ER_IROM1 (Base: 0x08000000, Size: 0x0000acdc, Max: 0x00100000, ABSOLUTE)

    Base Addr    Size         Type   Attr      Idx    E Section Name        Object

    0x08000000   0x00000188   Data   RO          143    RESET               startup_stm32f40_41xxx.o
    0x08000188   0x00000000   Code   RO         9542  * .ARM.Collect$$$$00000000  mc_w.l(entry.o)
    0x08000188   0x00000004   Code   RO         9627    .ARM.Collect$$$$00000001  mc_w.l(entry2.o)
    0x0800018c   0x00000004   Code   RO         9630    .ARM.Collect$$$$00000004  mc_w.l(entry5.o)
    0x08000190   0x00000000   Code   RO         9632    .ARM.Collect$$$$00000008  mc_w.l(entry7b.o)
    0x08000190   0x00000000   Code   RO         9634    .ARM.Collect$$$$0000000A  mc_w.l(entry8b.o)
    0x08000190   0x00000008   Code   RO         9635    .ARM.Collect$$$$0000000B  mc_w.l(entry9a.o)
    0x08000198   0x00000000   Code   RO         9637    .ARM.Collect$$$$0000000D  mc_w.l(entry10a.o)
    0x08000198   0x00000000   Code   RO         9639    .ARM.Collect$$$$0000000F  mc_w.l(entry11a.o)
    0x08000198   0x00000004   Code   RO         9628    .ARM.Collect$$$$00002712  mc_w.l(entry2.o)
    0x0800019c   0x00000024   Code   RO          144    .text               startup_stm32f40_41xxx.o
    0x080001c0   0x00000024   Code   RO         9547    .text               mc_w.l(memseta.o)
    0x080001e4   0x0000014e   Code   RO         9579    .text               mf_w.l(dadd.o)
    0x08000332   0x000000e4   Code   RO         9581    .text               mf_w.l(dmul.o)
    0x08000416   0x00000022   Code   RO         9583    .text               mf_w.l(dflti.o)
    0x08000438   0x0000003e   Code   RO         9585    .text               mf_w.l(dfixi.o)
    0x08000476   0x00000004   Code   RO         9590    .text               cpprt_w.l(arm_newhandler_noexceptions.o)
    0x0800047a   0x0000001e   Code   RO         9641    .text               mc_w.l(llshl.o)
    0x08000498   0x00000020   Code   RO         9643    .text               mc_w.l(llushr.o)
    0x080004b8   0x00000024   Code   RO         9645    .text               mc_w.l(llsshr.o)
    0x080004dc   0x00000000   Code   RO         9656    .text               mc_w.l(iusefp.o)
    0x080004dc   0x00000008   Code   RO         9657    .text               mc_w.l(cpp_memory.o)
    0x080004e4   0x00000020   Code   RO         9660    .text               mc_w.l(cpp_unwinder.o)
    0x08000504   0x000000b6   Code   RO         9663    .text               mf_w.l(depilogue.o)
    0x080005ba   0x000000de   Code   RO         9665    .text               mf_w.l(ddiv.o)
    0x08000698   0x0000001a   Code   RO         9675    .text               cpprt_w.l(arm_exceptions_terminate.o)
    0x080006b2   0x00000002   PAD
    0x080006b4   0x00000024   Code   RO         9803    .text               mc_w.l(init.o)
    0x080006d8   0x0000001c   Code   RO         9809    .text               cpprt_w.l(ARM_vec_cleanup_noexceptions.o)
    0x080006f4   0x00000050   Code   RO         9824    .text               cpprt_w.l(arm_exceptions_globs.o)
    0x08000744   0x00000002   Code   RO         9827    .text               cpprt_w.l(arm_rethrow_noexceptions.o)
    0x08000746   0x0000003c   Code   RO         9851    .text               cpprt_w.l(arm_exceptions_mem.o)
    0x08000782   0x00000056   Code   RO         9872    .text               mc_w.l(__dczerorl2.o)
    0x080007d8   0x00000016   Code   RO          421    i.ADC_Cmd           stm32f4xx_adc.o
    0x080007ee   0x00000002   PAD
    0x080007f0   0x00000030   Code   RO          422    i.ADC_CommonInit    stm32f4xx_adc.o
    0x08000820   0x00000008   Code   RO          433    i.ADC_GetConversionValue  stm32f4xx_adc.o
    0x08000828   0x00000012   Code   RO          434    i.ADC_GetFlagStatus  stm32f4xx_adc.o
    0x0800083a   0x00000002   PAD
    0x0800083c   0x00000054   Code   RO          441    i.ADC_Init          stm32f4xx_adc.o
    0x08000890   0x000000b8   Code   RO          446    i.ADC_RegularChannelConfig  stm32f4xx_adc.o
    0x08000948   0x0000000a   Code   RO          448    i.ADC_SoftwareStartConv  stm32f4xx_adc.o
    0x08000952   0x00000004   Code   RO          150    i.BusFault_Handler  stm32f4xx_it.o
    0x08000956   0x00000002   PAD
    0x08000958   0x00000034   Code   RO         1526    i.DMA_ClearFlag     stm32f4xx_dma.o
    0x0800098c   0x00000016   Code   RO         1528    i.DMA_Cmd           stm32f4xx_dma.o
    0x080009a2   0x00000002   PAD
    0x080009a4   0x00000158   Code   RO         1529    i.DMA_DeInit        stm32f4xx_dma.o
    0x08000afc   0x00000008   Code   RO         1534    i.DMA_GetCurrDataCounter  stm32f4xx_dma.o
    0x08000b04   0x00000058   Code   RO         1540    i.DMA_Init          stm32f4xx_dma.o
    0x08000b5c   0x00000004   Code   RO         1543    i.DMA_SetCurrDataCounter  stm32f4xx_dma.o
    0x08000b60   0x00000002   Code   RO          151    i.DebugMon_Handler  stm32f4xx_it.o
    0x08000b62   0x00000002   PAD
    0x08000b64   0x000000e8   Code   RO         7654    i.EXTI15_10_IRQHandler  motorencoder.o
    0x08000c4c   0x0000009c   Code   RO         7865    i.EXTI9_5_IRQHandler  key.o
    0x08000ce8   0x0000000c   Code   RO         1841    i.EXTI_ClearITPendingBit  stm32f4xx_exti.o
    0x08000cf4   0x00000018   Code   RO         1845    i.EXTI_GetITStatus  stm32f4xx_exti.o
    0x08000d0c   0x00000094   Code   RO         1846    i.EXTI_Init         stm32f4xx_exti.o
    0x08000da0   0x0000000c   Code   RO         1910    i.FLASH_ClearFlag   stm32f4xx_flash.o
    0x08000dac   0x00000088   Code   RO         1916    i.FLASH_EraseSector  stm32f4xx_flash.o
    0x08000e34   0x00000054   Code   RO         1918    i.FLASH_GetStatus   stm32f4xx_flash.o
    0x08000e88   0x00000014   Code   RO         1922    i.FLASH_Lock        stm32f4xx_flash.o
    0x08000e9c   0x00000050   Code   RO         1946    i.FLASH_ProgramWord  stm32f4xx_flash.o
    0x08000eec   0x00000024   Code   RO         1948    i.FLASH_Unlock      stm32f4xx_flash.o
    0x08000f10   0x00000022   Code   RO         1949    i.FLASH_WaitForLastOperation  stm32f4xx_flash.o
    0x08000f32   0x00000002   PAD
    0x08000f34   0x00000034   Code   RO         5508    i.FSMC_NORSRAMCmd   stm32f4xx_fsmc.o
    0x08000f68   0x00000124   Code   RO         5510    i.FSMC_NORSRAMInit  stm32f4xx_fsmc.o
    0x0800108c   0x00000090   Code   RO         2253    i.GPIO_Init         stm32f4xx_gpio.o
    0x0800111c   0x00000046   Code   RO         2254    i.GPIO_PinAFConfig  stm32f4xx_gpio.o
    0x08001162   0x00000012   Code   RO         2257    i.GPIO_ReadInputDataBit  stm32f4xx_gpio.o
    0x08001174   0x00000004   Code   RO         2260    i.GPIO_ResetBits    stm32f4xx_gpio.o
    0x08001178   0x00000004   Code   RO         2261    i.GPIO_SetBits      stm32f4xx_gpio.o
    0x0800117c   0x00000004   Code   RO          152    i.HardFault_Handler  stm32f4xx_it.o
    0x08001180   0x00000004   Code   RO          153    i.MemManage_Handler  stm32f4xx_it.o
    0x08001184   0x00000002   Code   RO          154    i.NMI_Handler       stm32f4xx_it.o
    0x08001186   0x00000002   PAD
    0x08001188   0x00000078   Code   RO          366    i.NVIC_Init         misc.o
    0x08001200   0x00000014   Code   RO          367    i.NVIC_PriorityGroupConfig  misc.o
    0x08001214   0x00000002   Code   RO          155    i.PendSV_Handler    stm32f4xx_it.o
    0x08001216   0x00000002   PAD
    0x08001218   0x00000020   Code   RO         3003    i.RCC_AHB1PeriphClockCmd  stm32f4xx_rcc.o
    0x08001238   0x00000020   Code   RO         3009    i.RCC_AHB3PeriphClockCmd  stm32f4xx_rcc.o
    0x08001258   0x00000020   Code   RO         3012    i.RCC_APB1PeriphClockCmd  stm32f4xx_rcc.o
    0x08001278   0x00000020   Code   RO         3014    i.RCC_APB1PeriphResetCmd  stm32f4xx_rcc.o
    0x08001298   0x00000020   Code   RO         3015    i.RCC_APB2PeriphClockCmd  stm32f4xx_rcc.o
    0x080012b8   0x00000020   Code   RO         3017    i.RCC_APB2PeriphResetCmd  stm32f4xx_rcc.o
    0x080012d8   0x000000e4   Code   RO         3024    i.RCC_GetClocksFreq  stm32f4xx_rcc.o
    0x080013bc   0x0000000c   Code   RO         3030    i.RCC_HSICmd        stm32f4xx_rcc.o
    0x080013c8   0x00000018   Code   RO         4310    i.SPI_Cmd           stm32f4xx_spi.o
    0x080013e0   0x00000012   Code   RO         4316    i.SPI_I2S_DMACmd    stm32f4xx_spi.o
    0x080013f2   0x00000002   PAD
    0x080013f4   0x000000b0   Code   RO         4317    i.SPI_I2S_DeInit    stm32f4xx_spi.o
    0x080014a4   0x0000003c   Code   RO         4323    i.SPI_Init          stm32f4xx_spi.o
    0x080014e0   0x00000002   Code   RO          156    i.SVC_Handler       stm32f4xx_it.o
    0x080014e2   0x00000002   PAD
    0x080014e4   0x00000040   Code   RO         4496    i.SYSCFG_EXTILineConfig  stm32f4xx_syscfg.o
    0x08001524   0x00000028   Code   RO          370    i.SysTick_CLKSourceConfig  misc.o
    0x0800154c   0x00000002   Code   RO          157    i.SysTick_Handler   stm32f4xx_it.o
    0x0800154e   0x00000002   PAD
    0x08001550   0x00000068   Code   RO            4    i.SystemInit        system_stm32f4xx.o
    0x080015b8   0x00000034   Code   RO         7427    i.TIM2_IRQHandler   tim.o
    0x080015ec   0x00000020   Code   RO         7428    i.TIM4_IRQHandler   tim.o
    0x0800160c   0x00000018   Code   RO         4556    i.TIM_ARRPreloadConfig  stm32f4xx_tim.o
    0x08001624   0x00000018   Code   RO         4568    i.TIM_Cmd           stm32f4xx_tim.o
    0x0800163c   0x00000022   Code   RO         4589    i.TIM_GetITStatus   stm32f4xx_tim.o
    0x0800165e   0x00000012   Code   RO         4593    i.TIM_ITConfig      stm32f4xx_tim.o
    0x08001670   0x000000a4   Code   RO         4602    i.TIM_OC2Init       stm32f4xx_tim.o
    0x08001714   0x0000001a   Code   RO         4605    i.TIM_OC2PreloadConfig  stm32f4xx_tim.o
    0x0800172e   0x00000002   PAD
    0x08001730   0x000000a0   Code   RO         4607    i.TIM_OC3Init       stm32f4xx_tim.o
    0x080017d0   0x00000012   Code   RO         4610    i.TIM_OC3PreloadConfig  stm32f4xx_tim.o
    0x080017e2   0x00000004   Code   RO         4631    i.TIM_SetCompare2   stm32f4xx_tim.o
    0x080017e6   0x00000004   Code   RO         4632    i.TIM_SetCompare3   stm32f4xx_tim.o
    0x080017ea   0x00000002   PAD
    0x080017ec   0x00000084   Code   RO         4640    i.TIM_TimeBaseInit  stm32f4xx_tim.o
    0x08001870   0x00000030   Code   RO         7501    i.USART1_IRQHandler  usart.o
    0x080018a0   0x00000030   Code   RO         7502    i.USART6_IRQHandler  usart.o
    0x080018d0   0x00000012   Code   RO         5210    i.USART_ClearFlag   stm32f4xx_usart.o
    0x080018e2   0x0000001e   Code   RO         5211    i.USART_ClearITPendingBit  stm32f4xx_usart.o
    0x08001900   0x00000018   Code   RO         5214    i.USART_Cmd         stm32f4xx_usart.o
    0x08001918   0x0000001a   Code   RO         5217    i.USART_GetFlagStatus  stm32f4xx_usart.o
    0x08001932   0x00000054   Code   RO         5218    i.USART_GetITStatus  stm32f4xx_usart.o
    0x08001986   0x0000004a   Code   RO         5220    i.USART_ITConfig    stm32f4xx_usart.o
    0x080019d0   0x000000d4   Code   RO         5221    i.USART_Init        stm32f4xx_usart.o
    0x08001aa4   0x0000000a   Code   RO         5228    i.USART_ReceiveData  stm32f4xx_usart.o
    0x08001aae   0x00000008   Code   RO         5231    i.USART_SendData    stm32f4xx_usart.o
    0x08001ab6   0x00000004   Code   RO          158    i.UsageFault_Handler  stm32f4xx_it.o
    0x08001aba   0x00000002   PAD
    0x08001abc   0x00000024   Code   RO         6437    i._Z10FillFitterii  mymath.o
    0x08001ae0   0x00000034   Code   RO         9266    i._Z10LCD_GoBackv   lcd_show.o
    0x08001b14   0x00000120   Code   RO         9153    i._Z10LCD_printfPcz  lcd_print.o
    0x08001c34   0x0000033c   Code   RO         6201    i._Z10MAP_goPathP4Path  mainmap.o
    0x08001f70   0x00000002   Code   RO         6359    i._Z10Task_250HZv   task.o
    0x08001f72   0x00000002   Code   RO         6360    i._Z10Task_500HZv   task.o
    0x08001f74   0x00000018   Code   RO         5711    i._Z10Test_Trackv   track.o
    0x08001f8c   0x00000034   Code   RO         5647    i._Z10delay_initv   common.o
    0x08001fc0   0x0000003c   Code   RO         8734    i._Z10motor_initv   motor.o
    0x08001ffc   0x00000060   Code   RO         6486    i._Z10testGodownv   processfunctions.o
    0x0800205c   0x0000003c   Code   RO         7943    i._Z11FLASH_Clearj  bsp_flash.o
    0x08002098   0x00000088   Code   RO         7866    i._Z11KEY_IT_initv  key.o
    0x08002120   0x0000001c   Code   RO         7053    i._Z11LCD_ReadRegt  lcd.o
    0x0800213c   0x0000001c   Code   RO         8056    i._Z11Laser_Checkv  photoswitch.o
    0x08002158   0x00000070   Code   RO         6202    i._Z11MAP_goRouteii  mainmap.o
    0x080021c8   0x000000ec   Code   RO            5    i._Z11SetSysClockv  system_stm32f4xx.o
    0x080022b4   0x00000002   Code   RO         6361    i._Z11Task_1000HZv  task.o
    0x080022b6   0x00000002   PAD
    0x080022b8   0x0000003c   Code   RO         5712    i._Z11Test_Nolinev  track.o
    0x080022f4   0x000000bc   Code   RO         7503    i._Z11USART1_initv  usart.o
    0x080023b0   0x000000ac   Code   RO         7504    i._Z11USART2_initv  usart.o
    0x0800245c   0x0000001c   Code   RO         7509    i._Z11Usart3_SendPhh  usart.o
    0x08002478   0x00000040   Code   RO         8245    i._Z11_I2C_IsBusyv  i2c.o
    0x080024b8   0x00000018   Code   RO         8004    i._Z11beepWaitingi  beep.o
    0x080024d0   0x00000058   Code   RO         8735    i._Z11getTurnTimei  motor.o
    0x08002528   0x0000007c   Code   RO         5713    i._Z11goWithPulseih  track.o
    0x080025a4   0x00000068   Code   RO         6362    i._Z11loopCounterv  task.o
    0x0800260c   0x0000000a   Code   RO         8962    i._Z11readQRcode1v  respcom.o
    0x08002616   0x00000028   Code   RO         6487    i._Z11sendBitDatah  processfunctions.o
    0x0800263e   0x00000002   PAD
    0x08002640   0x00000064   Code   RO         5714    i._Z11trackToLineii  track.o
    0x080026a4   0x0000000c   Code   RO         9023    i._Z12Action_Readyv  actions.o
    0x080026b0   0x00000134   Code   RO         6203    i._Z12GetRapidFlagv  mainmap.o
    0x080027e4   0x00000020   Code   RO         8246    i._Z12I2C_delay_usi  i2c.o
    0x08002804   0x00000028   Code   RO         9267    i._Z12LCD_NextNodeP19_LCD_Show_Structure  lcd_show.o
    0x0800282c   0x00000010   Code   RO         7056    i._Z12LCD_WriteRegtt  lcd.o
    0x0800283c   0x00000060   Code   RO         7350    i._Z12SEN2020_initv  sen2020.o
    0x0800289c   0x00000084   Code   RO         7429    i._Z12TIM3_OC_initv  tim.o
    0x08002920   0x0000000c   Code   RO         6848    i._Z12Travel_Beginv  travel.o
    0x0800292c   0x00000010   Code   RO         6849    i._Z12Travel_Resetv  travel.o
    0x0800293c   0x00000044   Code   RO         9154    i._Z12_LCD_newLinev  lcd_print.o
    0x08002980   0x00000058   Code   RO         8353    i._Z12getRouteByIDii  map.o
    0x080029d8   0x0000001e   Code   RO         6488    i._Z12sendByteDatah  processfunctions.o
    0x080029f6   0x00000002   PAD
    0x080029f8   0x00000118   Code   RO         6204    i._Z12setFunctionsv  mainmap.o
    0x08002b10   0x000000b8   Code   RO         8736    i._Z12turnToOnLineii  motor.o
    0x08002bc8   0x0000005c   Code   RO         8247    i._Z13I2C_ReadyByte15FunctionalState  i2c.o
    0x08002c24   0x000000a4   Code   RO         8248    i._Z13I2C_WriteByteh  i2c.o
    0x08002cc8   0x0000005c   Code   RO         9155    i._Z13LCD_ClearLinev  lcd_print.o
    0x08002d24   0x00000024   Code   RO         7058    i._Z13LCD_DrawPointtt  lcd.o
    0x08002d48   0x000000b0   Code   RO         7059    i._Z13LCD_Draw_Linetttt  lcd.o
    0x08002df8   0x00000078   Code   RO         7060    i._Z13LCD_SetCursortt  lcd.o
    0x08002e70   0x00000038   Code   RO         9268    i._Z13LCD_Show_Initv  lcd_show.o
    0x08002ea8   0x0000003c   Code   RO         9269    i._Z13LCD_Show_TreeP19_LCD_Show_Structure  lcd_show.o
    0x08002ee4   0x000001d0   Code   RO         6489    i._Z13PF_Flat_scenev  processfunctions.o
    0x080030b4   0x00000068   Code   RO         5715    i._Z13Test_Verticalv  track.o
    0x0800311c   0x00000028   Code   RO         5716    i._Z13TrackSpeedOutii  track.o
    0x08003144   0x00000018   Code   RO         6923    i._Z13Treasure_Mainv  treasure.o
    0x0800315c   0x00000044   Code   RO         9156    i._Z13_LCD_printBinPvP19_LCD_Show_Structure  lcd_print.o
    0x080031a0   0x0000005c   Code   RO         9157    i._Z13_LCD_printDecPvP19_LCD_Show_Structure  lcd_print.o
    0x080031fc   0x0000005c   Code   RO         9158    i._Z13_LCD_printHexPvP19_LCD_Show_Structure  lcd_print.o
    0x08003258   0x0000001c   Code   RO         9159    i._Z13_LCD_printstrPvP19_LCD_Show_Structure  lcd_print.o
    0x08003274   0x00000018   Code   RO         5717    i._Z13getToLine_stdi  track.o
    0x0800328c   0x00000050   Code   RO         5718    i._Z13getoffset_midi  track.o
    0x080032dc   0x0000001e   Code   RO         8057    i._Z13laserIsOnLinei  photoswitch.o
    0x080032fa   0x0000000c   Code   RO         8113    i._Z13setPixelColorm  ws2811.o
    0x08003306   0x0000000c   Code   RO         9024    i._Z14Action_Handsupv  actions.o
    0x08003312   0x00000002   PAD
    0x08003314   0x0000000c   Code   RO         7867    i._Z14KeyFitterClearv  key.o
    0x08003320   0x000000e0   Code   RO         9160    i._Z14LCD_Print_initv  lcd_print.o
    0x08003400   0x00000034   Code   RO         9270    i._Z14LCD_Show_Clearv  lcd_show.o
    0x08003434   0x00000026   Code   RO         9271    i._Z14LCD_Show_PutChciP19_LCD_Show_Structure  lcd_show.o
    0x0800345a   0x00000002   PAD
    0x0800345c   0x000000a0   Code   RO         8114    i._Z14LED_SPI_UpdatePmj  ws2811.o
    0x080034fc   0x0000003c   Code   RO         6490    i._Z14PF_CircleEnterv  processfunctions.o
    0x08003538   0x00000010   Code   RO         6925    i._Z14Treasure_Resetv  treasure.o
    0x08003548   0x00000020   Code   RO         6926    i._Z14Treasure_Writev  treasure.o
    0x08003568   0x00000018   Code   RO         8604    i._Z14getFrontIRDatav  buttonir.o
    0x08003580   0x0000003c   Code   RO         6927    i._Z14getTreasurePosi  treasure.o
    0x080035bc   0x00000036   Code   RO         8666    i._Z14runActionGroupht  lobotservocontroller.o
    0x080035f2   0x00000002   PAD
    0x080035f4   0x0000001c   Code   RO         7868    i._Z15Click_Triggeredv  key.o
    0x08003610   0x0000007c   Code   RO         9272    i._Z15LCD_Add_To_NodeP19_LCD_Show_StructureS0_  lcd_show.o
    0x0800368c   0x00000104   Code   RO         7064    i._Z15LCD_DisplayChartthh  lcd.o
    0x08003790   0x000000b8   Code   RO         7065    i._Z15LCD_Display_Dirh  lcd.o
    0x08003848   0x00000224   Code   RO         7067    i._Z15LCD_FSMC_Configv  lcd.o
    0x08003a6c   0x00000038   Code   RO         6491    i._Z15PF_normal_scenev  processfunctions.o
    0x08003aa4   0x00000048   Code   RO         8058    i._Z15PhotoSwitchInitv  photoswitch.o
    0x08003aec   0x0000002c   Code   RO         8963    i._Z15RaspiImportDatah  respcom.o
    0x08003b18   0x00000030   Code   RO         9161    i._Z15_LCD_Show_PutchcP19_LCD_Show_Structure  lcd_print.o
    0x08003b48   0x0000007c   Code   RO         9162    i._Z15_LCD_printFloatPvP19_LCD_Show_Structure  lcd_print.o
    0x08003bc4   0x00000020   Code   RO         8605    i._Z15getButtonIRdatav  buttonir.o
    0x08003be4   0x00000054   Code   RO         8738    i._Z15getEncoderCountv  motor.o
    0x08003c38   0x00000018   Code   RO         5720    i._Z15getToLine_Indexi  track.o
    0x08003c50   0x00000018   Code   RO         5721    i._Z15getToLine_Mixedi  track.o
    0x08003c68   0x00000040   Code   RO         5722    i._Z15getoffset_Indexi  track.o
    0x08003ca8   0x000000a8   Code   RO         5723    i._Z15track_on_bridgev  track.o
    0x08003d50   0x00000068   Code   RO         8355    i._Z15turnToDirectionii  map.o
    0x08003db8   0x0000001c   Code   RO         5944    i._Z15waitingForBeginv  main.o
    0x08003dd4   0x0000000c   Code   RO         9025    i._Z16Action_Handsdownv  actions.o
    0x08003de0   0x00000014   Code   RO         9026    i._Z16Action_ShakeHeadv  actions.o
    0x08003df4   0x0000008c   Code   RO         6492    i._Z16AdjTillGetQrCodev  processfunctions.o
    0x08003e80   0x00000038   Code   RO         8209    i._Z16CameraFlash_Initv  cameraflash.o
    0x08003eb8   0x000000f8   Code   RO         6205    i._Z16GetLineIndexToGov  mainmap.o
    0x08003fb0   0x00000178   Code   RO         7068    i._Z16LCD_AUTOScan_Dirh  lcd.o
    0x08004128   0x0000001c   Code   RO         9274    i._Z16LCD_Is_Main_Rootv  lcd_show.o
    0x08004144   0x0000002c   Code   RO         8115    i._Z16LED_SPI_SendBitsh  ws2811.o
    0x08004170   0x00000040   Code   RO         6206    i._Z16MAP_getPathRouteii  mainmap.o
    0x080041b0   0x00000018   Code   RO         6207    i._Z16MAP_goRoute_Testv  mainmap.o
    0x080041c8   0x00000024   Code   RO         8964    i._Z16RaspiSendRequesth  respcom.o
    0x080041ec   0x00000014   Code   RO         5724    i._Z16Test_goWithPulsev  track.o
    0x08004200   0x00000010   Code   RO         8739    i._Z16Test_turnByAnglev  motor.o
    0x08004210   0x000000a0   Code   RO         6928    i._Z16Treasure_OneTimev  treasure.o
    0x080042b0   0x00000034   Code   RO         9163    i._Z16USART_DEBUG_SENDh  lcd_print.o
    0x080042e4   0x000000c0   Code   RO         9164    i._Z16_LCD_Print_Putchc  lcd_print.o
    0x080043a4   0x0000002a   Code   RO         8740    i._Z16_motor_gpio_initP12GPIO_TypeDefi  motor.o
    0x080043ce   0x00000002   PAD
    0x080043d0   0x00000054   Code   RO         8356    i._Z16addNodeToAllnodeP7MapNode  map.o
    0x08004424   0x00000084   Code   RO         5725    i._Z16getDynamicPIDOutii  track.o
    0x080044a8   0x000000c0   Code   RO         8741    i._Z16turnAngleByPulsei  motor.o
    0x08004568   0x000000b0   Code   RO         8742    i._Z16turnAngleByPulseii  motor.o
    0x08004618   0x0000002c   Code   RO         7869    i._Z17Click_Switch_Initv  key.o
    0x08004644   0x00000054   Code   RO         7071    i._Z17LCD_Fill_onecolorttttt  lcd.o
    0x08004698   0x00000022   Code   RO         8116    i._Z17LED_SPI_SendPixelj  ws2811.o
    0x080046ba   0x00000002   PAD
    0x080046bc   0x00000020   Code   RO         8117    i._Z17LED_SPI_WriteBytet  ws2811.o
    0x080046dc   0x000000e4   Code   RO         6438    i._Z17Moving_Median_intii  mymath.o
    0x080047c0   0x00000034   Code   RO         6493    i._Z17PF_Flat_450_scenev  processfunctions.o
    0x080047f4   0x00000100   Code   RO         6494    i._Z17PF_seesawOnCirclev  processfunctions.o
    0x080048f4   0x00000034   Code   RO         7351    i._Z17SEN2020ImportDatah  sen2020.o
    0x08004928   0x00000030   Code   RO         8357    i._Z17SearchForNodeByIDi  map.o
    0x08004958   0x00000014   Code   RO         8745    i._Z17Test_turnToOnLinev  motor.o
    0x0800496c   0x000000c0   Code   RO         9275    i._Z17_LCD_Clear_BorderP19_LCD_Show_Structure  lcd_show.o
    0x08004a2c   0x0000001c   Code   RO         9276    i._Z17_LCD_DEBUG_KEY_UPv  lcd_show.o
    0x08004a48   0x00000054   Code   RO         5726    i._Z17motorBlockPreventv  track.o
    0x08004a9c   0x00000098   Code   RO         7656    i._Z17motorEncoder_initv  motorencoder.o
    0x08004b34   0x00000054   Code   RO         8746    i._Z17turnByAngleByTimei  motor.o
    0x08004b88   0x0000001c   Code   RO         9027    i._Z18Action_ArriveScenev  actions.o
    0x08004ba4   0x00000018   Code   RO         7945    i._Z18FLASH_READ_ONEDATAhj  bsp_flash.o
    0x08004bbc   0x0000003c   Code   RO         7072    i._Z18LCD_Draw_Rectangletttt  lcd.o
    0x08004bf8   0x00000024   Code   RO         8059    i._Z18Laser_LeftIsOnLinev  photoswitch.o
    0x08004c1c   0x0000002c   Code   RO         7657    i._Z18LeftEncoderHandleri  motorencoder.o
    0x08004c48   0x00000028   Code   RO         7510    i._Z18USART3_SendByByterh  usart.o
    0x08004c70   0x00000074   Code   RO         8359    i._Z18convertRouteToPathv  map.o
    0x08004ce4   0x0000002c   Code   RO         5728    i._Z18turnRadiusTillLineii  track.o
    0x08004d10   0x0000001a   Code   RO         9028    i._Z19Action_FindTreasurev  actions.o
    0x08004d2a   0x00000002   PAD
    0x08004d2c   0x0000003c   Code   RO         7946    i._Z19FLASH_WRITE_ONEDATAiij  bsp_flash.o
    0x08004d68   0x0000008c   Code   RO         7073    i._Z19LCD_Color_DrawPointttt  lcd.o
    0x08004df4   0x00000020   Code   RO         8060    i._Z19Laser_FrontIsOnLinev  photoswitch.o
    0x08004e14   0x00000188   Code   RO         6495    i._Z19PF_SingleSideBridgev  processfunctions.o
    0x08004f9c   0x0000002c   Code   RO         7659    i._Z19RightEncoderHandleri  motorencoder.o
    0x08004fc8   0x00000020   Code   RO         7354    i._Z19SEN2020USARTDisablev  sen2020.o
    0x08004fe8   0x00000008   Code   RO         8606    i._Z19Test_getFrontIRDatav  buttonir.o
    0x08004ff0   0x00000030   Code   RO         9277    i._Z19_LCD_DEBUG_KEY_DOWNv  lcd_show.o
    0x08005020   0x00000048   Code   RO         9278    i._Z19_LCD_DEBUG_KEY_LEFTv  lcd_show.o
    0x08005068   0x000000b8   Code   RO         9279    i._Z19_LCD_Structure_ShowP19_LCD_Show_Structure  lcd_show.o
    0x08005120   0x000000bc   Code   RO         8360    i._Z19getAngleBetweenPathP4PathS0_  map.o
    0x080051dc   0x00000094   Code   RO         9094    i._Z20Flash_Write_One_Dataiji  flashoperation.o
    0x08005270   0x00000238   Code   RO         6209    i._Z20GetExceptionFunctionP4PathP7MapNode  mainmap.o
    0x080054a8   0x00000e20   Code   RO         9280    i._Z20LCD_Show_User_Configv  lcd_show.o
    0x080062c8   0x00000014   Code   RO         7075    i._Z20LCD_WriteRAM_Preparev  lcd.o
    0x080062dc   0x00000024   Code   RO         6210    i._Z20MAP_goRoute_Test_900v  mainmap.o
    0x08006300   0x0000004c   Code   RO         9282    i._Z20_LCD_DEBUG_KEY_RIGHTv  lcd_show.o
    0x0800634c   0x00000090   Code   RO         9283    i._Z20_LCD_Show_Clear_AreaP19_LCD_Show_Structure  lcd_show.o
    0x080063dc   0x0000005c   Code   RO         5730    i._Z20getoffset_WidthLimiti  track.o
    0x08006438   0x00000014   Code   RO         5731    i._Z20linecountAfterFitterv  track.o
    0x0800644c   0x0000000c   Code   RO         9029    i._Z21Action_HandsupByOrderv  actions.o
    0x08006458   0x00000070   Code   RO         8361    i._Z21CreatePathBetweenNodeiiiiii  map.o
    0x080064c8   0x00000128   Code   RO         8119    i._Z21LED_SPI_LowLevel_Initv  ws2811.o
    0x080065f0   0x00000010   Code   RO         8748    i._Z21Test_turnAngleByPulsev  motor.o
    0x08006600   0x000000a2   Code   RO         9284    i._Z21_LCD_Show_Draw_BorderP19_LCD_Show_Structure  lcd_show.o
    0x080066a2   0x00000028   Code   RO         7356    i._Z21_SEN2020_init_channelP12GPIO_TypeDefi  sen2020.o
    0x080066ca   0x00000002   PAD
    0x080066cc   0x000000c8   Code   RO         7357    i._Z21getSEN2020DigitalDatav  sen2020.o
    0x08006794   0x00000024   Code   RO         5732    i._Z21turnByAnglePulseResetv  track.o
    0x080067b8   0x0000001c   Code   RO         9285    i._Z22LCD_DEBUG_Permeter_AddPvPci  lcd_show.o
    0x080067d4   0x0000002c   Code   RO         6850    i._Z23Travel_Read_Door_Statusv  travel.o
    0x08006800   0x000000a8   Code   RO         9286    i._Z23_LCD_Show_Structure_AddPvhtttPchPFvS_P19_LCD_Show_StructureE  lcd_show.o
    0x080068a8   0x00000018   Code   RO         6851    i._Z24Travel_Write_Door_Statusii  travel.o
    0x080068c0   0x00000018   Code   RO         6852    i._Z24Travel_Write_Door_Statusv  travel.o
    0x080068d8   0x00000078   Code   RO         8252    i._Z25I2C_ReadSomeDataFromSlavehhhPh  i2c.o
    0x08006950   0x00000078   Code   RO         5734    i._Z25TrackNoExceptionForLengthii  track.o
    0x080069c8   0x00000030   Code   RO         6722    i._Z25_ExceptionFunction_NoLinev  exceptionfunction.o
    0x080069f8   0x0000003c   Code   RO         9287    i._Z26LCD_Structure_Calc_Postionv  lcd_show.o
    0x08006a34   0x00000018   Code   RO         8750    i._Z26Test_turnAngleByPulseSpeedv  motor.o
    0x08006a4c   0x00000024   Code   RO         6724    i._Z26_ExceptionFunction_OneLinev  exceptionfunction.o
    0x08006a70   0x00000040   Code   RO         6725    i._Z26_ExceptionFunction_vertialv  exceptionfunction.o
    0x08006ab0   0x00000010   Code   RO         7870    i._Z27Test_getClick_TriggeredDatav  key.o
    0x08006ac0   0x00000028   Code   RO         6929    i._Z28Treasure_Read_Treasure_Indexv  treasure.o
    0x08006ae8   0x00000040   Code   RO         9288    i._Z29LCD_Get_Current_Selected_Nodev  lcd_show.o
    0x08006b28   0x00000018   Code   RO         6930    i._Z29Treasure_Write_Treasure_Indexii  treasure.o
    0x08006b40   0x00000014   Code   RO         6728    i._Z29_ExceptionFunction_ToMutilinev  exceptionfunction.o
    0x08006b54   0x00000018   Code   RO         5735    i._Z30Test_TrackNoExceptionForLengthv  track.o
    0x08006b6c   0x000000b0   Code   RO         9289    i._Z31LCD_DEBUG_Permeter_Add_As_ChildPvPciP19_LCD_Show_Structure  lcd_show.o
    0x08006c1c   0x00000038   Code   RO         6729    i._Z32_ExceptionFunction_MutiToOneLinev  exceptionfunction.o
    0x08006c54   0x00000078   Code   RO         5736    i._Z32goWithPulseWithDifSpeedByLbCoderiii  track.o
    0x08006ccc   0x00000020   Code   RO         5737    i._Z36goWithPulseWithDifSpeedByLbCoderTestv  track.o
    0x08006cec   0x00000044   Code   RO         6496    i._Z3hitii          processfunctions.o
    0x08006d30   0x00000008   Code   RO         6497    i._Z4IROnv          processfunctions.o
    0x08006d38   0x00000058   Code   RO         8253    i._Z4Stopv          i2c.o
    0x08006d90   0x00000008   Code   RO         6498    i._Z5IROffv         processfunctions.o
    0x08006d98   0x00000070   Code   RO         8254    i._Z5Startv         i2c.o
    0x08006e08   0x00000010   Code   RO         8005    i._Z6BeepOnv        beep.o
    0x08006e18   0x00000044   Code   RO         8255    i._Z6GetAckv        i2c.o
    0x08006e5c   0x00000088   Code   RO         8256    i._Z6SetAck15FunctionalState  i2c.o
    0x08006ee4   0x000000d4   Code   RO         9122    i._Z6getDirv        magnetometer.o
    0x08006fb8   0x0000001e   Code   RO         9290    i._Z6strcatPcS_     lcd_show.o
    0x08006fd6   0x00000012   Code   RO         9292    i._Z6strlenPc       lcd_show.o
    0x08006fe8   0x00000010   Code   RO         8006    i._Z7BeepOffv       beep.o
    0x08006ff8   0x00000010   Code   RO         8210    i._Z7FlashOnv       cameraflash.o
    0x08007008   0x00000030   Code   RO         7001    i._Z7GetAdc3h       adc.o
    0x08007038   0x00000030   Code   RO         7002    i._Z7Get_Adch       adc.o
    0x08007068   0x00000098   Code   RO         7272    i._Z7LED_SETii      led.o
    0x08007100   0x0000000c   Code   RO         6500    i._Z7hitTestv       processfunctions.o
    0x0800710c   0x00000010   Code   RO         8211    i._Z8FlashOffv      cameraflash.o
    0x0800711c   0x00000664   Code   RO         7078    i._Z8LCD_Initv      lcd.o
    0x08007780   0x00000010   Code   RO         9293    i._Z8LCD_Showv      lcd_show.o
    0x08007790   0x00000058   Code   RO         7273    i._Z8LED_initv      led.o
    0x080077e8   0x00000678   Code   RO         6211    i._Z8MAP_Initv      mainmap.o
    0x08007e60   0x0000009c   Code   RO         6363    i._Z8MainLoopv      task.o
    0x08007efc   0x000000b4   Code   RO         7329    i._Z8RCC_initv      rcc.o
    0x08007fb0   0x0000001c   Code   RO         6501    i._Z8SetSpeedv      processfunctions.o
    0x08007fcc   0x00000010   Code   RO         6364    i._Z8Task_1HZv      task.o
    0x08007fdc   0x00000038   Code   RO         5650    i._Z8delay_mst      common.o
    0x08008014   0x0000004c   Code   RO         5651    i._Z8delay_usj      common.o
    0x08008060   0x000000d8   Code   RO         5738    i._Z8getLinesPh     track.o
    0x08008138   0x00000198   Code   RO         8363    i._Z8getRouteP7MapNodeS0_  map.o
    0x080082d0   0x00000038   Code   RO         6502    i._Z8setPulsehi     processfunctions.o
    0x08008308   0x000000ac   Code   RO         8751    i._Z8setSpeedss     motor.o
    0x080083b4   0x00000074   Code   RO         7003    i._Z9ADC1_Initv     adc.o
    0x08008428   0x00000050   Code   RO         7004    i._Z9ADC3_initv     adc.o
    0x08008478   0x0000002c   Code   RO         8007    i._Z9Beep_initv     beep.o
    0x080084a4   0x000000e4   Code   RO         7947    i._Z9GetSectorj     bsp_flash.o
    0x08008588   0x00000048   Code   RO         6503    i._Z9IRControlv     processfunctions.o
    0x080085d0   0x00000018   Code   RO         7871    i._Z9KeyFitterv     key.o
    0x080085e8   0x0000003c   Code   RO         7079    i._Z9LCD_Cleart     lcd.o
    0x08008624   0x0000001a   Code   RO         9165    i._Z9LCD_putchcP19_LCD_Show_Structure  lcd_print.o
    0x0800863e   0x00000002   PAD
    0x08008640   0x00000084   Code   RO         6504    i._Z9PF_Bridgev     processfunctions.o
    0x080086c4   0x00000056   Code   RO         7431    i._Z9TIM2_initv     tim.o
    0x0800871a   0x00000002   PAD
    0x0800871c   0x00000040   Code   RO         7432    i._Z9TIM3_initi     tim.o
    0x0800875c   0x0000005c   Code   RO         7434    i._Z9TIM4_initv     tim.o
    0x080087b8   0x00000018   Code   RO         6365    i._Z9Task_20HZv     task.o
    0x080087d0   0x00000002   Code   RO         6366    i._Z9Task_50HZv     task.o
    0x080087d2   0x00000002   PAD
    0x080087d4   0x00000020   Code   RO         8008    i._Z9beepCheckv     beep.o
    0x080087f4   0x0000004c   Code   RO         5652    i._Z9delay_xmst     common.o
    0x08008840   0x00000014   Code   RO         5739    i._Z9getPIDouti     track.o
    0x08008854   0x0000008c   Code   RO         5740    i._Z9getToLinePFiiEiii  track.o
    0x080088e0   0x0000003c   Code   RO         8364    i._Z9limit0360i     map.o
    0x0800891c   0x00000068   Code   RO         8541    i._ZN4Path10setOneNodeEP7MapNode  mappath.o
    0x08008984   0x00000078   Code   RO         8542    i._ZN4Path12bindNodeByIdEii  mappath.o
    0x080089fc   0x00000010   Code   RO         8543    i._ZN4Path14getAnotherNodeEP7MapNode  mappath.o
    0x08008a0c   0x0000004c   Code   RO         8544    i._ZN4Path14getDirFromNodeEP7MapNode  mappath.o
    0x08008a58   0x0000001a   Code   RO         8545    i._ZN4Path17GetWeightFromNodeEP7MapNode  mappath.o
    0x08008a72   0x00000002   PAD
    0x08008a74   0x0000002c   Code   RO         8546    i._ZN4PathC1Eiii    mappath.o
    0x08008aa0   0x00000050   Code   RO         8480    i._ZN7MapNode10tryAddPathEP4Path  mapnode.o
    0x08008af0   0x0000002c   Code   RO         8481    i._ZN7MapNode14searchPathByidEi  mapnode.o
    0x08008b1c   0x00000030   Code   RO         8483    i._ZN7MapNodeC1Ev   mapnode.o
    0x08008b4c   0x00000008   Code   RO         9669    i._ZdaPv            cpprt_w.l(array_del.o)
    0x08008b54   0x00000008   Code   RO         9672    i._ZdlPv            cpprt_w.l(delete.o)
    0x08008b5c   0x00000008   Code   RO         9805    i._Znaj             cpprt_w.l(array_new.o)
    0x08008b64   0x00000028   Code   RO         9523    i._Znwj             cpprt_w.l(new.o)
    0x08008b8c   0x00000092   Code   RO         9678    i.__ARM_array_new_general  cpprt_w.l(array_new_general.o)
    0x08008c1e   0x00000030   Code   RO         9799    i.__ARM_fpclassify  m_wm.l(fpclassify.o)
    0x08008c4e   0x00000016   Code   RO         9527    i.__aeabi_vec_new_nocookie  cpprt_w.l(aeabi_vec_new_nocookie.o)
    0x08008c64   0x00000018   Code   RO         9603    i.__cxa_vec_new     cpprt_w.l(cxa_vec_new.o)
    0x08008c7c   0x00000004   PAD
    0x08008c80   0x000002e0   Code   RO         9606    i.__hardfp_atan     m_wm.l(atan.o)
    0x08008f60   0x000001f0   Code   RO         9530    i.__hardfp_atan2    m_wm.l(atan2.o)
    0x08009150   0x000000f8   Code   RO         9801    i.__kernel_poly     m_wm.l(poly.o)
    0x08009248   0x00000020   Code   RO         9797    i.__mathlib_dbl_underflow  m_wm.l(dunder.o)
    0x08009268   0x0000000e   Code   RO         9866    i.__scatterload_copy  mc_w.l(handlers.o)
    0x08009276   0x00000002   Code   RO         9867    i.__scatterload_null  mc_w.l(handlers.o)
    0x08009278   0x0000000e   Code   RO         9868    i.__scatterload_zeroinit  mc_w.l(handlers.o)
    0x08009286   0x00000010   Code   RO         9608    i.atan              m_wm.l(atan.o)
    0x08009296   0x00000018   Code   RO         9622    i.fabs              m_wm.l(fabs.o)
    0x080092ae   0x00000002   PAD
    0x080092b0   0x00000050   Code   RO         9551    i.free              mc_w.l(malloc.o)
    0x08009300   0x000000a0   Code   RO         5945    i.main              main.o
    0x080093a0   0x0000006c   Code   RO         9552    i.malloc            mc_w.l(malloc.o)
    0x0800940c   0x000017c0   Data   RO         7108    .constdata          lcd.o
    0x0800abcc   0x00000004   PAD
    0x0800abd0   0x00000098   Data   RO         9609    .constdata          m_wm.l(atan.o)
    0x0800ac68   0x00000008   Data   RO         9626    .constdata          m_wm.l(qnan.o)
    0x0800ac70   0x00000049   Data   RO         9097    .conststring        flashoperation.o
    0x0800acb9   0x00000003   PAD
    0x0800acbc   0x00000020   Data   RO         9864    Region$$Table       anon$$obj.o


    Execution Region RW_IRAM1 (Base: 0x20000000, Size: 0x000111a0, Max: 0x00020000, ABSOLUTE, COMPRESSED[0x000000fc])

    Base Addr    Size         Type   Attr      Idx    E Section Name        Object

    0x20000000   0x00000010   Data   RW         3109    .data               stm32f4xx_rcc.o
    0x20000010   0x00000004   Data   RW         5659    .data               common.o
    0x20000014   0x000000a5   Data   RW         5772    .data               track.o
    0x200000b9   0x00000003   PAD
    0x200000bc   0x00000074   Data   RW         6223    .data               mainmap.o
    0x20000130   0x00000024   Data   RW         6375    .data               task.o
    0x20000154   0x00000008   Data   RW         6446    .data               mymath.o
    0x2000015c   0x00000045   Data   RW         6529    .data               processfunctions.o
    0x200001a1   0x00000001   Data   RW         6740    .data               exceptionfunction.o
    0x200001a2   0x00000002   PAD
    0x200001a4   0x00000010   Data   RW         6863    .data               travel.o
    0x200001b4   0x00000014   Data   RW         6940    .data               treasure.o
    0x200001c8   0x00000012   Data   RW         7109    .data               lcd.o
    0x200001da   0x00000003   Data   RW         7278    .data               led.o
    0x200001dd   0x00000013   Data   RW         7366    .data               sen2020.o
    0x200001f0   0x00000002   Data   RW         7671    .data               motorencoder.o
    0x200001f2   0x00000002   PAD
    0x200001f4   0x00000005   Data   RW         7879    .data               key.o
    0x200001f9   0x00000003   PAD
    0x200001fc   0x00000014   Data   RW         7954    .data               bsp_flash.o
    0x20000210   0x00000004   Data   RW         8014    .data               beep.o
    0x20000214   0x0000000c   Data   RW         8066    .data               photoswitch.o
    0x20000220   0x0000005c   Data   RW         8134    .data               ws2811.o
    0x2000027c   0x00000020   Data   RW         8380    .data               map.o
    0x2000029c   0x0000000c   Data   RW         8612    .data               buttonir.o
    0x200002a8   0x000000f0   Data   RW         8772    .data               motor.o
    0x20000398   0x00000005   Data   RW         8973    .data               respcom.o
    0x2000039d   0x00000003   PAD
    0x200003a0   0x00000018   Data   RW         9124    .data               magnetometer.o
    0x200003b8   0x0000002d   Data   RW         9180    .data               lcd_print.o
    0x200003e5   0x00000003   PAD
    0x200003e8   0x00000018   Data   RW         9323    .data               lcd_show.o
    0x20000400   0x00000004   Data   RW         9647    .data               mc_w.l(mvars.o)
    0x20000404   0x00000004   Data   RW         9648    .data               mc_w.l(mvars.o)
    0x20000408   0x00000004   Data   RW         9658    .data               mc_w.l(cpp_memory.o)
    0x2000040c   0x00000008   Data   RW         9661    .data               mc_w.l(cpp_unwinder.o)
    0x20000414   0x00000040   Zero   RW         5771    .bss                track.o
    0x20000454   0x000000c8   Zero   RW         6445    .bss                mymath.o
    0x2000051c   0x00000010   Zero   RW         6861    .bss                travel.o
    0x2000052c   0x0000000c   Zero   RW         6939    .bss                treasure.o
    0x20000538   0x00000050   Zero   RW         7670    .bss                motorencoder.o
    0x20000588   0x00000420   Zero   RW         8133    .bss                ws2811.o
    0x200009a8   0x00000640   Zero   RW         8379    .bss                map.o
    0x20000fe8   0x000001b8   Zero   RW         9322    .bss                lcd_show.o
    0x200011a0   0x00008000   Zero   RW          142    HEAP                startup_stm32f40_41xxx.o
    0x200091a0   0x00008000   Zero   RW          141    STACK               startup_stm32f40_41xxx.o


==============================================================================

Image component sizes


      Code (inc. data)   RO Data    RW Data    ZI Data      Debug   Object Name

       122          0          0          0          0       3257   actions.o
       292         26          0          0          0       2228   adc.o
       132         22          0          4          0       2556   beep.o
       372         60          0         20          0       4391   bsp_flash.o
        64         14          0         12          0       1759   buttonir.o
        88         14          0          0          0       1448   cameraflash.o
       260         18          0          4          0       2243   common.o
       224         58          0          1          0       3145   exceptionfunction.o
       148         62         73          0          0        735   flashoperation.o
       876         30          0          0          0       5395   i2c.o
       416         34          0          5          0       3914   key.o
      3744        252       6080         18          0      11775   lcd.o
      1394        136          0         45          0      10044   lcd_print.o
      5532       2200          0         24        440      19407   lcd_show.o
       240         22          0          3          0     239504   led.o
        54          0          0          0          0        633   lobotservocontroller.o
       212         38          0         24          0       1236   magnetometer.o
       188         32          0          0          0       2909   main.o
      4124        936          0        116          0     245883   mainmap.o
      1208        278          0         32       1600       9390   map.o
       172         42          0          0          0       4505   mapnode.o
       386        144          0          0          0       3392   mappath.o
       180         24          0          0          0       2005   misc.o
      1158        196          0        240          0     245587   motor.o
       472         68          0          2         80     243674   motorencoder.o
       264         14          0          8        200       2047   mymath.o
       198         38          0         12          0       2950   photoswitch.o
      1970        358          0         69          0     248545   processfunctions.o
       180          0          0          0          0        531   rcc.o
        90         32          0          5          0       1934   respcom.o
       420         74          0         19          0       3612   sen2020.o
        36          8        392          0      65536        808   startup_stm32f40_41xxx.o
       374         24          0          0          0       5326   stm32f4xx_adc.o
       518         40          0          0          0       4708   stm32f4xx_dma.o
       184         16          0          0          0       2012   stm32f4xx_exti.o
       402         40          0          0          0       4281   stm32f4xx_flash.o
       344         16          0          0          0       1957   stm32f4xx_fsmc.o
       240          0          0          0          0       3387   stm32f4xx_gpio.o
        26          0          0          0          0       5726   stm32f4xx_it.o
       432         56          0         16          0       6715   stm32f4xx_rcc.o
       278         24          0          0          0       2875   stm32f4xx_spi.o
        64          4          0          0          0        628   stm32f4xx_syscfg.o
       608         48          0          0          0       7191   stm32f4xx_tim.o
       486          8          0          0          0       6445   stm32f4xx_usart.o
       340         32          0          0          0     344925   system_stm32f4xx.o
       308         62          0         36          0       4057   task.o
       458         32          0          0          0       3131   tim.o
      1936        364          0        165         64      17539   track.o
       120         32          0         16         16       3161   travel.o
       356         84          0         20         12       4512   treasure.o
       524         34          0          0          0       3943   usart.o
       578         42          0         92       1056       5339   ws2811.o

    ----------------------------------------------------------------------
     33848       6188       6584       1024      69004    1769300   Object Totals
         0          0         32          0          0          0   (incl. Generated)
        56          0          7         16          0          0   (incl. Padding)

    ----------------------------------------------------------------------

      Code (inc. data)   RO Data    RW Data    ZI Data      Debug   Library Member Name

        28          0          0          0          0         84   ARM_vec_cleanup_noexceptions.o
        22          0          0          0          0         80   aeabi_vec_new_nocookie.o
        80         12          0          0          0        104   arm_exceptions_globs.o
        60          0          0          0          0        108   arm_exceptions_mem.o
        26          0          0          0          0         76   arm_exceptions_terminate.o
         4          0          0          0          0         68   arm_newhandler_noexceptions.o
         2          0          0          0          0         68   arm_rethrow_noexceptions.o
         8          0          0          0          0         76   array_del.o
         8          0          0          0          0         76   array_new.o
       146          0          0          0          0         96   array_new_general.o
        24          6          0          0          0         84   cxa_vec_new.o
         8          0          0          0          0         76   delete.o
        40          6          0          0          0         76   new.o
       752        104        152          0          0        344   atan.o
       496         70          0          0          0        156   atan2.o
        32          8          0          0          0        124   dunder.o
        24          0          0          0          0        124   fabs.o
        48          0          0          0          0        124   fpclassify.o
       248          0          0          0          0        152   poly.o
         0          0          8          0          0          0   qnan.o
        86          0          0          0          0          0   __dczerorl2.o
         8          4          0          4          0         68   cpp_memory.o
        32          6          0          8          0        252   cpp_unwinder.o
         0          0          0          0          0          0   entry.o
         0          0          0          0          0          0   entry10a.o
         0          0          0          0          0          0   entry11a.o
         8          4          0          0          0          0   entry2.o
         4          0          0          0          0          0   entry5.o
         0          0          0          0          0          0   entry7b.o
         0          0          0          0          0          0   entry8b.o
         8          4          0          0          0          0   entry9a.o
        30          0          0          0          0          0   handlers.o
        36          8          0          0          0         68   init.o
         0          0          0          0          0          0   iusefp.o
        30          0          0          0          0         68   llshl.o
        36          0          0          0          0         68   llsshr.o
        32          0          0          0          0         68   llushr.o
       188         20          0          0          0        160   malloc.o
        36          0          0          0          0        108   memseta.o
         0          0          0          8          0          0   mvars.o
       334          0          0          0          0        148   dadd.o
       222          0          0          0          0        100   ddiv.o
       182          0          0          0          0        176   depilogue.o
        62          0          0          0          0         80   dfixi.o
        34          0          0          0          0         76   dflti.o
       228          0          0          0          0         96   dmul.o

    ----------------------------------------------------------------------
      3660        256        160         20          0       3632   Library Totals
         8          4          0          0          0          0   (incl. Padding)

    ----------------------------------------------------------------------

      Code (inc. data)   RO Data    RW Data    ZI Data      Debug   Library Name

       456         24          0          0          0       1072   cpprt_w.l
      1600        182        160          0          0       1024   m_wm.l
       534         46          0         20          0        860   mc_w.l
      1062          0          0          0          0        676   mf_w.l

    ----------------------------------------------------------------------
      3660        256        160         20          0       3632   Library Totals

    ----------------------------------------------------------------------

==============================================================================


      Code (inc. data)   RO Data    RW Data    ZI Data      Debug   

     37508       6444       6744       1044      69004    1738816   Grand Totals
     37508       6444       6744        252      69004    1738816   ELF Image Totals (compressed)
     37508       6444       6744        252          0          0   ROM Totals

==============================================================================

    Total RO  Size (Code + RO Data)                44252 (  43.21kB)
    Total RW  Size (RW Data + ZI Data)             70048 (  68.41kB)
    Total ROM Size (Code + RO Data + RW Data)      44504 (  43.46kB)

==============================================================================

