<html>
<body>
<pre>
<h1>礦ision Build Log</h1>
<h2>Project:</h2>
E:\桌面文件\我的大学\机器人资料\wzh\Prj\FourAxis.uvprojx
Project File Date:  08/30/2017

<h2>Output:</h2>
Build target 'Target 1'
compiling ProcessFunctions.cpp...
linking...
Program Size: Code=37508 RO-data=6744 RW-data=1044 ZI-data=69004  
FromELF: creating hex file...
"..\zobj\FourAxis.axf" - 0 Error(s), 0 Warning(s).
Load "..\\zobj\\FourAxis.axf" 
* JLink Info: Device "STM32F407ZG" selected (1024 KB flash, 128 KB RAM).
Set JLink Project File to "E:\桌面文件\我的大学\机器人资料\wzh\Prj\JLinkSettings.ini"
* JLink Info: Device "STM32F407ZG" selected (1024 KB flash, 128 KB RAM).
 
JLink info:
------------
DLL: V4.80g, compiled Feb 13 2014 20:50:02
Firmware: J-Link ARM-OB STM32 compiled Aug 22 2012 19:52:04
Hardware: V7.00
S/N : 20090928 
Feature(s) : RDI,FlashDL,FlashBP,JFlash,GDBFull 
 
* JLink Info: Found SWD-DP with ID 0x2BA01477
* JLink Info: Found SWD-DP with ID 0x2BA01477
* JLink Info: Found Cortex-M4 r0p1, Little endian.
* JLink Info: FPUnit: 6 code (BP) slots and 2 literal slots
* JLink Info: TPIU fitted.
* JLink Info: ETM fitted.
ROMTableAddr = 0xE00FF003
 
Target info:
------------
Device: STM32F407ZG
VTarget = 3.300V
State of Pins: 
TCK: 0, TDI: 0, TDO: 1, TMS: 0, TRES: 1, TRST: 1
Hardware-Breakpoints: 6
Software-Breakpoints: 8192
Watchpoints:          4
JTAG speed: 4000 kHz
 
Erase Done.
Programming Done.
Verify OK.
Application running ...
